
> ai-curriculum-data@0.1.0 build
> next build

Ôû▓ Next.js 16.1.6 (Turbopack)

  Creating an optimized production build ...
Ô£ô Compiled successfully in 3.5s
  Running TypeScript ...
  Collecting page data using 11 workers ...
  Generating static pages using 11 workers (0/8) ...
  Generating static pages using 11 workers (2/8) 
  Generating static pages using 11 workers (4/8) 
  Generating static pages using 11 workers (6/8) 
Ô£ô Generating static pages using 11 workers (8/8) in 576.9ms
  Finalizing page optimization ...

Route (app)
Ôöî Ôùï /
Ôö£ Ôùï /_not-found
Ôö£ Ôùï /about
Ôö£ Ôùï /glossary
Ôö£ Ôùï /modules
Ôö£ ãÆ /modules/[id]
Ôöö Ôùï /paths


Ôùï  (Static)   prerendered as static content
ãÆ  (Dynamic)  server-rendered on demand

