src/app/modules/[id]/InteractiveVisualization.tsx(8,31): error TS17004: Cannot use JSX unless the '--jsx' flag is provided.
src/app/modules/[id]/InteractiveVisualization.tsx(9,31): error TS17004: Cannot use JSX unless the '--jsx' flag is provided.
src/app/modules/[id]/InteractiveVisualization.tsx(10,31): error TS17004: Cannot use JSX unless the '--jsx' flag is provided.
src/app/modules/[id]/InteractiveVisualization.tsx(11,31): error TS17004: Cannot use JSX unless the '--jsx' flag is provided.
src/app/modules/[id]/InteractiveVisualization.tsx(12,31): error TS17004: Cannot use JSX unless the '--jsx' flag is provided.
src/app/modules/[id]/InteractiveVisualization.tsx(13,31): error TS17004: Cannot use JSX unless the '--jsx' flag is provided.
src/app/modules/[id]/InteractiveVisualization.tsx(14,31): error TS17004: Cannot use JSX unless the '--jsx' flag is provided.
src/app/modules/[id]/InteractiveVisualization.tsx(15,31): error TS17004: Cannot use JSX unless the '--jsx' flag is provided.
src/app/modules/[id]/InteractiveVisualization.tsx(16,31): error TS17004: Cannot use JSX unless the '--jsx' flag is provided.
src/app/modules/[id]/InteractiveVisualization.tsx(17,31): error TS17004: Cannot use JSX unless the '--jsx' flag is provided.
src/app/modules/[id]/InteractiveVisualization.tsx(18,31): error TS17004: Cannot use JSX unless the '--jsx' flag is provided.
src/app/modules/[id]/InteractiveVisualization.tsx(19,31): error TS17004: Cannot use JSX unless the '--jsx' flag is provided.
src/app/modules/[id]/InteractiveVisualization.tsx(20,31): error TS17004: Cannot use JSX unless the '--jsx' flag is provided.
src/app/modules/[id]/InteractiveVisualization.tsx(21,31): error TS17004: Cannot use JSX unless the '--jsx' flag is provided.
src/app/modules/[id]/InteractiveVisualization.tsx(22,31): error TS17004: Cannot use JSX unless the '--jsx' flag is provided.
src/app/modules/[id]/InteractiveVisualization.tsx(23,31): error TS17004: Cannot use JSX unless the '--jsx' flag is provided.
src/app/modules/[id]/InteractiveVisualization.tsx(24,31): error TS17004: Cannot use JSX unless the '--jsx' flag is provided.
src/app/modules/[id]/InteractiveVisualization.tsx(25,31): error TS17004: Cannot use JSX unless the '--jsx' flag is provided.
src/app/modules/[id]/InteractiveVisualization.tsx(26,31): error TS17004: Cannot use JSX unless the '--jsx' flag is provided.
src/app/modules/[id]/InteractiveVisualization.tsx(27,31): error TS17004: Cannot use JSX unless the '--jsx' flag is provided.
src/app/modules/[id]/InteractiveVisualization.tsx(28,31): error TS17004: Cannot use JSX unless the '--jsx' flag is provided.
src/app/modules/[id]/InteractiveVisualization.tsx(29,31): error TS17004: Cannot use JSX unless the '--jsx' flag is provided.
src/app/modules/[id]/InteractiveVisualization.tsx(30,31): error TS17004: Cannot use JSX unless the '--jsx' flag is provided.
src/app/modules/[id]/InteractiveVisualization.tsx(31,31): error TS17004: Cannot use JSX unless the '--jsx' flag is provided.
src/app/modules/[id]/InteractiveVisualization.tsx(32,31): error TS17004: Cannot use JSX unless the '--jsx' flag is provided.
src/app/modules/[id]/InteractiveVisualization.tsx(33,31): error TS17004: Cannot use JSX unless the '--jsx' flag is provided.
src/app/modules/[id]/InteractiveVisualization.tsx(34,31): error TS17004: Cannot use JSX unless the '--jsx' flag is provided.
src/app/modules/[id]/InteractiveVisualization.tsx(35,31): error TS17004: Cannot use JSX unless the '--jsx' flag is provided.
src/app/modules/[id]/InteractiveVisualization.tsx(38,17): error TS17004: Cannot use JSX unless the '--jsx' flag is provided.
src/app/modules/[id]/InteractiveVisualization.tsx(39,21): error TS17004: Cannot use JSX unless the '--jsx' flag is provided.
src/app/modules/[id]/InteractiveVisualization.tsx(40,25): error TS17004: Cannot use JSX unless the '--jsx' flag is provided.
src/app/modules/[id]/InteractiveVisualization.tsx(42,21): error TS17004: Cannot use JSX unless the '--jsx' flag is provided.
src/app/modules/[id]/InteractiveVisualization.tsx(43,21): error TS17004: Cannot use JSX unless the '--jsx' flag is provided.
src/app/modules/[id]/InteractiveVisualization.tsx(44,21): error TS17004: Cannot use JSX unless the '--jsx' flag is provided.
src/app/modules/[id]/InteractiveVisualization.tsx(45,25): error TS17004: Cannot use JSX unless the '--jsx' flag is provided.
src/app/modules/[id]/InteractiveVisualization.tsx(65,9): error TS17004: Cannot use JSX unless the '--jsx' flag is provided.
src/app/modules/[id]/InteractiveVisualization.tsx(66,13): error TS17004: Cannot use JSX unless the '--jsx' flag is provided.
src/app/modules/[id]/InteractiveVisualization.tsx(66,87): error TS17004: Cannot use JSX unless the '--jsx' flag is provided.
src/app/modules/[id]/InteractiveVisualization.tsx(67,13): error TS17004: Cannot use JSX unless the '--jsx' flag is provided.
src/app/modules/[id]/InteractiveVisualization.tsx(69,13): error TS17004: Cannot use JSX unless the '--jsx' flag is provided.
src/app/modules/[id]/InteractiveVisualization.tsx(70,17): error TS17004: Cannot use JSX unless the '--jsx' flag is provided.
src/app/modules/[id]/InteractiveVisualization.tsx(71,21): error TS17004: Cannot use JSX unless the '--jsx' flag is provided.
src/app/modules/[id]/InteractiveVisualization.tsx(73,25): error TS17004: Cannot use JSX unless the '--jsx' flag is provided.
src/app/modules/[id]/InteractiveVisualization.tsx(74,29): error TS17004: Cannot use JSX unless the '--jsx' flag is provided.
src/app/modules/[id]/InteractiveVisualization.tsx(75,29): error TS17004: Cannot use JSX unless the '--jsx' flag is provided.
src/app/modules/[id]/InteractiveVisualization.tsx(76,29): error TS17004: Cannot use JSX unless the '--jsx' flag is provided.
src/app/modules/[id]/InteractiveVisualization.tsx(79,21): error TS17004: Cannot use JSX unless the '--jsx' flag is provided.
src/app/modules/[id]/InteractiveVisualization.tsx(81,25): error TS17004: Cannot use JSX unless the '--jsx' flag is provided.
src/app/modules/[id]/InteractiveVisualization.tsx(82,29): error TS17004: Cannot use JSX unless the '--jsx' flag is provided.
src/app/modules/[id]/InteractiveVisualization.tsx(83,29): error TS17004: Cannot use JSX unless the '--jsx' flag is provided.
src/app/modules/[id]/InteractiveVisualization.tsx(84,29): error TS17004: Cannot use JSX unless the '--jsx' flag is provided.
src/app/modules/[id]/InteractiveVisualization.tsx(88,17): error TS17004: Cannot use JSX unless the '--jsx' flag is provided.
src/app/modules/[id]/InteractiveVisualization.tsx(89,21): error TS17004: Cannot use JSX unless the '--jsx' flag is provided.
src/app/modules/[id]/InteractiveVisualization.tsx(90,25): error TS17004: Cannot use JSX unless the '--jsx' flag is provided.
src/app/modules/[id]/InteractiveVisualization.tsx(91,25): error TS17004: Cannot use JSX unless the '--jsx' flag is provided.
src/app/modules/[id]/InteractiveVisualization.tsx(92,25): error TS17004: Cannot use JSX unless the '--jsx' flag is provided.
src/app/modules/[id]/InteractiveVisualization.tsx(94,21): error TS17004: Cannot use JSX unless the '--jsx' flag is provided.
src/app/modules/[id]/InteractiveVisualization.tsx(95,25): error TS17004: Cannot use JSX unless the '--jsx' flag is provided.
src/app/modules/[id]/InteractiveVisualization.tsx(96,25): error TS17004: Cannot use JSX unless the '--jsx' flag is provided.
src/app/modules/[id]/InteractiveVisualization.tsx(97,25): error TS17004: Cannot use JSX unless the '--jsx' flag is provided.
src/app/modules/[id]/InteractiveVisualization.tsx(120,9): error TS17004: Cannot use JSX unless the '--jsx' flag is provided.
src/app/modules/[id]/InteractiveVisualization.tsx(121,13): error TS17004: Cannot use JSX unless the '--jsx' flag is provided.
src/app/modules/[id]/InteractiveVisualization.tsx(122,13): error TS17004: Cannot use JSX unless the '--jsx' flag is provided.
src/app/modules/[id]/InteractiveVisualization.tsx(124,13): error TS17004: Cannot use JSX unless the '--jsx' flag is provided.
src/app/modules/[id]/InteractiveVisualization.tsx(126,17): error TS17004: Cannot use JSX unless the '--jsx' flag is provided.
src/app/modules/[id]/InteractiveVisualization.tsx(128,17): error TS17004: Cannot use JSX unless the '--jsx' flag is provided.
src/app/modules/[id]/InteractiveVisualization.tsx(130,25): error TS17004: Cannot use JSX unless the '--jsx' flag is provided.
src/app/modules/[id]/InteractiveVisualization.tsx(135,29): error TS17004: Cannot use JSX unless the '--jsx' flag is provided.
src/app/modules/[id]/InteractiveVisualization.tsx(138,29): error TS17004: Cannot use JSX unless the '--jsx' flag is provided.
src/app/modules/[id]/InteractiveVisualization.tsx(144,13): error TS17004: Cannot use JSX unless the '--jsx' flag is provided.
src/app/modules/[id]/InteractiveVisualization.tsx(145,17): error TS17004: Cannot use JSX unless the '--jsx' flag is provided.
src/app/modules/[id]/InteractiveVisualization.tsx(145,91): error TS17004: Cannot use JSX unless the '--jsx' flag is provided.
src/app/modules/[id]/InteractiveVisualization.tsx(146,17): error TS17004: Cannot use JSX unless the '--jsx' flag is provided.
src/app/modules/[id]/InteractiveVisualization.tsx(165,9): error TS17004: Cannot use JSX unless the '--jsx' flag is provided.
src/app/modules/[id]/InteractiveVisualization.tsx(166,13): error TS17004: Cannot use JSX unless the '--jsx' flag is provided.
src/app/modules/[id]/InteractiveVisualization.tsx(166,88): error TS17004: Cannot use JSX unless the '--jsx' flag is provided.
src/app/modules/[id]/InteractiveVisualization.tsx(167,13): error TS17004: Cannot use JSX unless the '--jsx' flag is provided.
src/app/modules/[id]/InteractiveVisualization.tsx(169,13): error TS17004: Cannot use JSX unless the '--jsx' flag is provided.
src/app/modules/[id]/InteractiveVisualization.tsx(171,21): error TS17004: Cannot use JSX unless the '--jsx' flag is provided.
src/app/modules/[id]/InteractiveVisualization.tsx(176,25): error TS17004: Cannot use JSX unless the '--jsx' flag is provided.
src/app/modules/[id]/InteractiveVisualization.tsx(181,13): error TS17004: Cannot use JSX unless the '--jsx' flag is provided.
src/app/modules/[id]/InteractiveVisualization.tsx(182,17): error TS17004: Cannot use JSX unless the '--jsx' flag is provided.
src/app/modules/[id]/InteractiveVisualization.tsx(211,9): error TS17004: Cannot use JSX unless the '--jsx' flag is provided.
src/app/modules/[id]/InteractiveVisualization.tsx(212,13): error TS17004: Cannot use JSX unless the '--jsx' flag is provided.
src/app/modules/[id]/InteractiveVisualization.tsx(212,84): error TS17004: Cannot use JSX unless the '--jsx' flag is provided.
src/app/modules/[id]/InteractiveVisualization.tsx(213,13): error TS17004: Cannot use JSX unless the '--jsx' flag is provided.
src/app/modules/[id]/InteractiveVisualization.tsx(215,13): error TS17004: Cannot use JSX unless the '--jsx' flag is provided.
src/app/modules/[id]/InteractiveVisualization.tsx(217,17): error TS17004: Cannot use JSX unless the '--jsx' flag is provided.
src/app/modules/[id]/InteractiveVisualization.tsx(218,21): error TS17004: Cannot use JSX unless the '--jsx' flag is provided.
src/app/modules/[id]/InteractiveVisualization.tsx(219,25): error TS17004: Cannot use JSX unless the '--jsx' flag is provided.
src/app/modules/[id]/InteractiveVisualization.tsx(220,25): error TS17004: Cannot use JSX unless the '--jsx' flag is provided.
src/app/modules/[id]/InteractiveVisualization.tsx(226,21): error TS17004: Cannot use JSX unless the '--jsx' flag is provided.
src/app/modules/[id]/InteractiveVisualization.tsx(227,25): error TS17004: Cannot use JSX unless the '--jsx' flag is provided.
src/app/modules/[id]/InteractiveVisualization.tsx(228,25): error TS17004: Cannot use JSX unless the '--jsx' flag is provided.
src/app/modules/[id]/InteractiveVisualization.tsx(233,25): error TS17004: Cannot use JSX unless the '--jsx' flag is provided.
src/app/modules/[id]/InteractiveVisualization.tsx(234,29): error TS17004: Cannot use JSX unless the '--jsx' flag is provided.
src/app/modules/[id]/InteractiveVisualization.tsx(235,29): error TS17004: Cannot use JSX unless the '--jsx' flag is provided.
src/app/modules/[id]/InteractiveVisualization.tsx(240,21): error TS17004: Cannot use JSX unless the '--jsx' flag is provided.
src/app/modules/[id]/InteractiveVisualization.tsx(241,25): error TS17004: Cannot use JSX unless the '--jsx' flag is provided.
src/app/modules/[id]/InteractiveVisualization.tsx(242,29): error TS17004: Cannot use JSX unless the '--jsx' flag is provided.
src/app/modules/[id]/InteractiveVisualization.tsx(243,29): error TS17004: Cannot use JSX unless the '--jsx' flag is provided.
src/app/modules/[id]/InteractiveVisualization.tsx(245,25): error TS17004: Cannot use JSX unless the '--jsx' flag is provided.
src/app/modules/[id]/InteractiveVisualization.tsx(246,29): error TS17004: Cannot use JSX unless the '--jsx' flag is provided.
src/app/modules/[id]/InteractiveVisualization.tsx(247,29): error TS17004: Cannot use JSX unless the '--jsx' flag is provided.
src/app/modules/[id]/InteractiveVisualization.tsx(249,25): error TS17004: Cannot use JSX unless the '--jsx' flag is provided.
src/app/modules/[id]/InteractiveVisualization.tsx(250,29): error TS17004: Cannot use JSX unless the '--jsx' flag is provided.
src/app/modules/[id]/InteractiveVisualization.tsx(251,29): error TS17004: Cannot use JSX unless the '--jsx' flag is provided.
src/app/modules/[id]/InteractiveVisualization.tsx(253,25): error TS17004: Cannot use JSX unless the '--jsx' flag is provided.
src/app/modules/[id]/InteractiveVisualization.tsx(254,29): error TS17004: Cannot use JSX unless the '--jsx' flag is provided.
src/app/modules/[id]/InteractiveVisualization.tsx(255,29): error TS17004: Cannot use JSX unless the '--jsx' flag is provided.
src/app/modules/[id]/InteractiveVisualization.tsx(261,17): error TS17004: Cannot use JSX unless the '--jsx' flag is provided.
src/app/modules/[id]/InteractiveVisualization.tsx(262,21): error TS17004: Cannot use JSX unless the '--jsx' flag is provided.
src/app/modules/[id]/InteractiveVisualization.tsx(263,21): error TS17004: Cannot use JSX unless the '--jsx' flag is provided.
src/app/modules/[id]/InteractiveVisualization.tsx(264,25): error TS17004: Cannot use JSX unless the '--jsx' flag is provided.
src/app/modules/[id]/InteractiveVisualization.tsx(265,29): error TS17004: Cannot use JSX unless the '--jsx' flag is provided.
src/app/modules/[id]/InteractiveVisualization.tsx(266,29): error TS17004: Cannot use JSX unless the '--jsx' flag is provided.
src/app/modules/[id]/InteractiveVisualization.tsx(268,25): error TS17004: Cannot use JSX unless the '--jsx' flag is provided.
src/app/modules/[id]/InteractiveVisualization.tsx(269,29): error TS17004: Cannot use JSX unless the '--jsx' flag is provided.
src/app/modules/[id]/InteractiveVisualization.tsx(270,29): error TS17004: Cannot use JSX unless the '--jsx' flag is provided.
src/app/modules/[id]/InteractiveVisualization.tsx(272,25): error TS17004: Cannot use JSX unless the '--jsx' flag is provided.
src/app/modules/[id]/InteractiveVisualization.tsx(273,29): error TS17004: Cannot use JSX unless the '--jsx' flag is provided.
src/app/modules/[id]/InteractiveVisualization.tsx(274,29): error TS17004: Cannot use JSX unless the '--jsx' flag is provided.
src/app/modules/[id]/InteractiveVisualization.tsx(276,25): error TS17004: Cannot use JSX unless the '--jsx' flag is provided.
src/app/modules/[id]/InteractiveVisualization.tsx(277,29): error TS17004: Cannot use JSX unless the '--jsx' flag is provided.
src/app/modules/[id]/InteractiveVisualization.tsx(278,29): error TS17004: Cannot use JSX unless the '--jsx' flag is provided.
src/app/modules/[id]/InteractiveVisualization.tsx(281,21): error TS17004: Cannot use JSX unless the '--jsx' flag is provided.
src/app/modules/[id]/InteractiveVisualization.tsx(297,9): error TS17004: Cannot use JSX unless the '--jsx' flag is provided.
src/app/modules/[id]/InteractiveVisualization.tsx(298,13): error TS17004: Cannot use JSX unless the '--jsx' flag is provided.
src/app/modules/[id]/InteractiveVisualization.tsx(299,17): error TS17004: Cannot use JSX unless the '--jsx' flag is provided.
src/app/modules/[id]/InteractiveVisualization.tsx(300,17): error TS17004: Cannot use JSX unless the '--jsx' flag is provided.
src/app/modules/[id]/InteractiveVisualization.tsx(301,17): error TS17004: Cannot use JSX unless the '--jsx' flag is provided.
src/app/modules/[id]/InteractiveVisualization.tsx(302,17): error TS17004: Cannot use JSX unless the '--jsx' flag is provided.
src/app/modules/[id]/InteractiveVisualization.tsx(305,44): error TS17004: Cannot use JSX unless the '--jsx' flag is provided.
src/app/modules/[id]/InteractiveVisualization.tsx(306,38): error TS17004: Cannot use JSX unless the '--jsx' flag is provided.
src/app/modules/[id]/InteractiveVisualization.tsx(307,37): error TS17004: Cannot use JSX unless the '--jsx' flag is provided.
src/app/modules/[id]/InteractiveVisualization.tsx(308,37): error TS17004: Cannot use JSX unless the '--jsx' flag is provided.
src/app/modules/[id]/InteractiveVisualization.tsx(323,9): error TS17004: Cannot use JSX unless the '--jsx' flag is provided.
src/app/modules/[id]/InteractiveVisualization.tsx(324,13): error TS17004: Cannot use JSX unless the '--jsx' flag is provided.
src/app/modules/[id]/InteractiveVisualization.tsx(325,17): error TS17004: Cannot use JSX unless the '--jsx' flag is provided.
src/app/modules/[id]/InteractiveVisualization.tsx(327,13): error TS17004: Cannot use JSX unless the '--jsx' flag is provided.
src/app/modules/[id]/InteractiveVisualization.tsx(327,62): error TS17004: Cannot use JSX unless the '--jsx' flag is provided.
src/app/modules/[id]/InteractiveVisualization.tsx(327,68): error TS17004: Cannot use JSX unless the '--jsx' flag is provided.
src/app/modules/[id]/InteractiveVisualization.tsx(329,13): error TS17004: Cannot use JSX unless the '--jsx' flag is provided.
src/app/modules/[id]/InteractiveVisualization.tsx(330,17): error TS17004: Cannot use JSX unless the '--jsx' flag is provided.
src/app/modules/[id]/InteractiveVisualization.tsx(331,21): error TS17004: Cannot use JSX unless the '--jsx' flag is provided.
src/app/modules/[id]/InteractiveVisualization.tsx(332,25): error TS17004: Cannot use JSX unless the '--jsx' flag is provided.
src/app/modules/[id]/InteractiveVisualization.tsx(333,29): error TS17004: Cannot use JSX unless the '--jsx' flag is provided.
src/app/modules/[id]/InteractiveVisualization.tsx(341,37): error TS17004: Cannot use JSX unless the '--jsx' flag is provided.
src/app/modules/[id]/InteractiveVisualization.tsx(347,29): error TS17004: Cannot use JSX unless the '--jsx' flag is provided.
src/app/modules/[id]/InteractiveVisualization.tsx(351,17): error TS17004: Cannot use JSX unless the '--jsx' flag is provided.
src/app/modules/[id]/InteractiveVisualization.tsx(352,21): error TS17004: Cannot use JSX unless the '--jsx' flag is provided.
src/app/modules/[id]/InteractiveVisualization.tsx(353,25): error TS17004: Cannot use JSX unless the '--jsx' flag is provided.
src/app/modules/[id]/InteractiveVisualization.tsx(354,29): error TS17004: Cannot use JSX unless the '--jsx' flag is provided.
src/app/modules/[id]/InteractiveVisualization.tsx(355,29): error TS17004: Cannot use JSX unless the '--jsx' flag is provided.
src/app/modules/[id]/InteractiveVisualization.tsx(357,25): error TS17004: Cannot use JSX unless the '--jsx' flag is provided.
src/app/modules/[id]/InteractiveVisualization.tsx(363,25): error TS17004: Cannot use JSX unless the '--jsx' flag is provided.
src/app/modules/[id]/InteractiveVisualization.tsx(364,29): error TS17004: Cannot use JSX unless the '--jsx' flag is provided.
src/app/modules/[id]/InteractiveVisualization.tsx(365,29): error TS17004: Cannot use JSX unless the '--jsx' flag is provided.
src/app/modules/[id]/InteractiveVisualization.tsx(367,25): error TS17004: Cannot use JSX unless the '--jsx' flag is provided.
src/app/modules/[id]/InteractiveVisualization.tsx(374,21): error TS17004: Cannot use JSX unless the '--jsx' flag is provided.
src/app/modules/[id]/InteractiveVisualization.tsx(375,25): error TS17004: Cannot use JSX unless the '--jsx' flag is provided.
src/app/modules/[id]/InteractiveVisualization.tsx(376,25): error TS17004: Cannot use JSX unless the '--jsx' flag is provided.
src/app/modules/[id]/InteractiveVisualization.tsx(379,41): error TS17004: Cannot use JSX unless the '--jsx' flag is provided.
src/app/modules/[id]/InteractiveVisualization.tsx(395,9): error TS17004: Cannot use JSX unless the '--jsx' flag is provided.
src/app/modules/[id]/InteractiveVisualization.tsx(396,13): error TS17004: Cannot use JSX unless the '--jsx' flag is provided.
src/app/modules/[id]/InteractiveVisualization.tsx(397,17): error TS17004: Cannot use JSX unless the '--jsx' flag is provided.
src/app/modules/[id]/InteractiveVisualization.tsx(399,13): error TS17004: Cannot use JSX unless the '--jsx' flag is provided.
src/app/modules/[id]/InteractiveVisualization.tsx(399,161): error TS17004: Cannot use JSX unless the '--jsx' flag is provided.
src/app/modules/[id]/InteractiveVisualization.tsx(399,167): error TS17004: Cannot use JSX unless the '--jsx' flag is provided.
src/app/modules/[id]/InteractiveVisualization.tsx(401,13): error TS17004: Cannot use JSX unless the '--jsx' flag is provided.
src/app/modules/[id]/InteractiveVisualization.tsx(402,17): error TS17004: Cannot use JSX unless the '--jsx' flag is provided.
src/app/modules/[id]/InteractiveVisualization.tsx(403,21): error TS17004: Cannot use JSX unless the '--jsx' flag is provided.
src/app/modules/[id]/InteractiveVisualization.tsx(404,25): error TS17004: Cannot use JSX unless the '--jsx' flag is provided.
src/app/modules/[id]/InteractiveVisualization.tsx(405,25): error TS17004: Cannot use JSX unless the '--jsx' flag is provided.
src/app/modules/[id]/InteractiveVisualization.tsx(406,25): error TS17004: Cannot use JSX unless the '--jsx' flag is provided.
src/app/modules/[id]/InteractiveVisualization.tsx(407,25): error TS17004: Cannot use JSX unless the '--jsx' flag is provided.
src/app/modules/[id]/InteractiveVisualization.tsx(416,29): error TS17004: Cannot use JSX unless the '--jsx' flag is provided.
src/app/modules/[id]/InteractiveVisualization.tsx(420,17): error TS17004: Cannot use JSX unless the '--jsx' flag is provided.
src/app/modules/[id]/InteractiveVisualization.tsx(421,21): error TS17004: Cannot use JSX unless the '--jsx' flag is provided.
src/app/modules/[id]/InteractiveVisualization.tsx(422,25): error TS17004: Cannot use JSX unless the '--jsx' flag is provided.
src/app/modules/[id]/InteractiveVisualization.tsx(423,25): error TS17004: Cannot use JSX unless the '--jsx' flag is provided.
src/app/modules/[id]/InteractiveVisualization.tsx(456,9): error TS17004: Cannot use JSX unless the '--jsx' flag is provided.
src/app/modules/[id]/InteractiveVisualization.tsx(457,13): error TS17004: Cannot use JSX unless the '--jsx' flag is provided.
src/app/modules/[id]/InteractiveVisualization.tsx(458,17): error TS17004: Cannot use JSX unless the '--jsx' flag is provided.
src/app/modules/[id]/InteractiveVisualization.tsx(460,13): error TS17004: Cannot use JSX unless the '--jsx' flag is provided.
src/app/modules/[id]/InteractiveVisualization.tsx(460,129): error TS17004: Cannot use JSX unless the '--jsx' flag is provided.
src/app/modules/[id]/InteractiveVisualization.tsx(460,135): error TS17004: Cannot use JSX unless the '--jsx' flag is provided.
src/app/modules/[id]/InteractiveVisualization.tsx(462,13): error TS17004: Cannot use JSX unless the '--jsx' flag is provided.
src/app/modules/[id]/InteractiveVisualization.tsx(463,17): error TS17004: Cannot use JSX unless the '--jsx' flag is provided.
src/app/modules/[id]/InteractiveVisualization.tsx(472,21): error TS17004: Cannot use JSX unless the '--jsx' flag is provided.
src/app/modules/[id]/InteractiveVisualization.tsx(474,29): error TS17004: Cannot use JSX unless the '--jsx' flag is provided.
src/app/modules/[id]/InteractiveVisualization.tsx(478,25): error TS17004: Cannot use JSX unless the '--jsx' flag is provided.
src/app/modules/[id]/InteractiveVisualization.tsx(481,21): error TS17004: Cannot use JSX unless the '--jsx' flag is provided.
src/app/modules/[id]/InteractiveVisualization.tsx(484,17): error TS17004: Cannot use JSX unless the '--jsx' flag is provided.
src/app/modules/[id]/InteractiveVisualization.tsx(485,21): error TS17004: Cannot use JSX unless the '--jsx' flag is provided.
src/app/modules/[id]/InteractiveVisualization.tsx(486,25): error TS17004: Cannot use JSX unless the '--jsx' flag is provided.
src/app/modules/[id]/InteractiveVisualization.tsx(487,25): error TS17004: Cannot use JSX unless the '--jsx' flag is provided.
src/app/modules/[id]/InteractiveVisualization.tsx(489,33): error TS17004: Cannot use JSX unless the '--jsx' flag is provided.
src/app/modules/[id]/InteractiveVisualization.tsx(500,21): error TS17004: Cannot use JSX unless the '--jsx' flag is provided.
src/app/modules/[id]/InteractiveVisualization.tsx(501,25): error TS17004: Cannot use JSX unless the '--jsx' flag is provided.
src/app/modules/[id]/InteractiveVisualization.tsx(501,30): error TS17004: Cannot use JSX unless the '--jsx' flag is provided.
src/app/modules/[id]/InteractiveVisualization.tsx(502,25): error TS17004: Cannot use JSX unless the '--jsx' flag is provided.
src/app/modules/[id]/InteractiveVisualization.tsx(502,30): error TS17004: Cannot use JSX unless the '--jsx' flag is provided.
src/app/modules/[id]/InteractiveVisualization.tsx(503,25): error TS17004: Cannot use JSX unless the '--jsx' flag is provided.
src/app/modules/[id]/InteractiveVisualization.tsx(504,45): error TS17004: Cannot use JSX unless the '--jsx' flag is provided.
src/app/modules/[id]/InteractiveVisualization.tsx(517,9): error TS17004: Cannot use JSX unless the '--jsx' flag is provided.
src/app/modules/[id]/InteractiveVisualization.tsx(518,13): error TS17004: Cannot use JSX unless the '--jsx' flag is provided.
src/app/modules/[id]/InteractiveVisualization.tsx(519,17): error TS17004: Cannot use JSX unless the '--jsx' flag is provided.
src/app/modules/[id]/InteractiveVisualization.tsx(521,13): error TS17004: Cannot use JSX unless the '--jsx' flag is provided.
src/app/modules/[id]/InteractiveVisualization.tsx(521,181): error TS17004: Cannot use JSX unless the '--jsx' flag is provided.
src/app/modules/[id]/InteractiveVisualization.tsx(521,187): error TS17004: Cannot use JSX unless the '--jsx' flag is provided.
src/app/modules/[id]/InteractiveVisualization.tsx(523,13): error TS17004: Cannot use JSX unless the '--jsx' flag is provided.
src/app/modules/[id]/InteractiveVisualization.tsx(524,17): error TS17004: Cannot use JSX unless the '--jsx' flag is provided.
src/app/modules/[id]/InteractiveVisualization.tsx(525,21): error TS17004: Cannot use JSX unless the '--jsx' flag is provided.
src/app/modules/[id]/InteractiveVisualization.tsx(526,40): error TS17004: Cannot use JSX unless the '--jsx' flag is provided.
src/app/modules/[id]/InteractiveVisualization.tsx(526,46): error TS17004: Cannot use JSX unless the '--jsx' flag is provided.
src/app/modules/[id]/InteractiveVisualization.tsx(530,25): error TS17004: Cannot use JSX unless the '--jsx' flag is provided.
src/app/modules/[id]/InteractiveVisualization.tsx(531,29): error TS17004: Cannot use JSX unless the '--jsx' flag is provided.
src/app/modules/[id]/InteractiveVisualization.tsx(532,33): error TS17004: Cannot use JSX unless the '--jsx' flag is provided.
src/app/modules/[id]/InteractiveVisualization.tsx(533,33): error TS17004: Cannot use JSX unless the '--jsx' flag is provided.
src/app/modules/[id]/InteractiveVisualization.tsx(535,29): error TS17004: Cannot use JSX unless the '--jsx' flag is provided.
src/app/modules/[id]/InteractiveVisualization.tsx(536,33): error TS17004: Cannot use JSX unless the '--jsx' flag is provided.
src/app/modules/[id]/InteractiveVisualization.tsx(537,37): error TS17004: Cannot use JSX unless the '--jsx' flag is provided.
src/app/modules/[id]/InteractiveVisualization.tsx(538,53): error TS17004: Cannot use JSX unless the '--jsx' flag is provided.
src/app/modules/[id]/InteractiveVisualization.tsx(538,59): error TS17004: Cannot use JSX unless the '--jsx' flag is provided.
src/app/modules/[id]/InteractiveVisualization.tsx(540,33): error TS17004: Cannot use JSX unless the '--jsx' flag is provided.
src/app/modules/[id]/InteractiveVisualization.tsx(541,37): error TS17004: Cannot use JSX unless the '--jsx' flag is provided.
src/app/modules/[id]/InteractiveVisualization.tsx(542,51): error TS17004: Cannot use JSX unless the '--jsx' flag is provided.
src/app/modules/[id]/InteractiveVisualization.tsx(542,57): error TS17004: Cannot use JSX unless the '--jsx' flag is provided.
src/app/modules/[id]/InteractiveVisualization.tsx(549,25): error TS17004: Cannot use JSX unless the '--jsx' flag is provided.
src/app/modules/[id]/InteractiveVisualization.tsx(550,29): error TS17004: Cannot use JSX unless the '--jsx' flag is provided.
src/app/modules/[id]/InteractiveVisualization.tsx(551,33): error TS17004: Cannot use JSX unless the '--jsx' flag is provided.
src/app/modules/[id]/InteractiveVisualization.tsx(552,33): error TS17004: Cannot use JSX unless the '--jsx' flag is provided.
src/app/modules/[id]/InteractiveVisualization.tsx(553,33): error TS17004: Cannot use JSX unless the '--jsx' flag is provided.
src/app/modules/[id]/InteractiveVisualization.tsx(554,33): error TS17004: Cannot use JSX unless the '--jsx' flag is provided.
src/app/modules/[id]/InteractiveVisualization.tsx(557,29): error TS17004: Cannot use JSX unless the '--jsx' flag is provided.
src/app/modules/[id]/InteractiveVisualization.tsx(558,33): error TS17004: Cannot use JSX unless the '--jsx' flag is provided.
src/app/modules/[id]/InteractiveVisualization.tsx(559,33): error TS17004: Cannot use JSX unless the '--jsx' flag is provided.
src/app/modules/[id]/InteractiveVisualization.tsx(560,33): error TS17004: Cannot use JSX unless the '--jsx' flag is provided.
src/app/modules/[id]/InteractiveVisualization.tsx(561,33): error TS17004: Cannot use JSX unless the '--jsx' flag is provided.
src/app/modules/[id]/InteractiveVisualization.tsx(567,17): error TS17004: Cannot use JSX unless the '--jsx' flag is provided.
src/app/modules/[id]/InteractiveVisualization.tsx(568,21): error TS17004: Cannot use JSX unless the '--jsx' flag is provided.
src/app/modules/[id]/InteractiveVisualization.tsx(569,25): error TS17004: Cannot use JSX unless the '--jsx' flag is provided.
src/app/modules/[id]/InteractiveVisualization.tsx(570,25): error TS17004: Cannot use JSX unless the '--jsx' flag is provided.
src/app/modules/[id]/InteractiveVisualization.tsx(575,25): error TS17004: Cannot use JSX unless the '--jsx' flag is provided.
src/app/modules/[id]/InteractiveVisualization.tsx(592,9): error TS17004: Cannot use JSX unless the '--jsx' flag is provided.
src/app/modules/[id]/InteractiveVisualization.tsx(593,13): error TS17004: Cannot use JSX unless the '--jsx' flag is provided.
src/app/modules/[id]/InteractiveVisualization.tsx(593,87): error TS17004: Cannot use JSX unless the '--jsx' flag is provided.
src/app/modules/[id]/InteractiveVisualization.tsx(594,13): error TS17004: Cannot use JSX unless the '--jsx' flag is provided.
src/app/modules/[id]/InteractiveVisualization.tsx(596,13): error TS17004: Cannot use JSX unless the '--jsx' flag is provided.
src/app/modules/[id]/InteractiveVisualization.tsx(597,17): error TS17004: Cannot use JSX unless the '--jsx' flag is provided.
src/app/modules/[id]/InteractiveVisualization.tsx(598,17): error TS17004: Cannot use JSX unless the '--jsx' flag is provided.
src/app/modules/[id]/InteractiveVisualization.tsx(599,17): error TS17004: Cannot use JSX unless the '--jsx' flag is provided.
src/app/modules/[id]/InteractiveVisualization.tsx(602,13): error TS17004: Cannot use JSX unless the '--jsx' flag is provided.
src/app/modules/[id]/InteractiveVisualization.tsx(604,17): error TS17004: Cannot use JSX unless the '--jsx' flag is provided.
src/app/modules/[id]/InteractiveVisualization.tsx(605,17): error TS17004: Cannot use JSX unless the '--jsx' flag is provided.
src/app/modules/[id]/InteractiveVisualization.tsx(606,17): error TS17004: Cannot use JSX unless the '--jsx' flag is provided.
src/app/modules/[id]/InteractiveVisualization.tsx(609,17): error TS17004: Cannot use JSX unless the '--jsx' flag is provided.
src/app/modules/[id]/InteractiveVisualization.tsx(610,17): error TS17004: Cannot use JSX unless the '--jsx' flag is provided.
src/app/modules/[id]/InteractiveVisualization.tsx(611,17): error TS17004: Cannot use JSX unless the '--jsx' flag is provided.
src/app/modules/[id]/InteractiveVisualization.tsx(615,21): error TS17004: Cannot use JSX unless the '--jsx' flag is provided.
src/app/modules/[id]/InteractiveVisualization.tsx(616,25): error TS17004: Cannot use JSX unless the '--jsx' flag is provided.
src/app/modules/[id]/InteractiveVisualization.tsx(617,29): error TS17004: Cannot use JSX unless the '--jsx' flag is provided.
src/app/modules/[id]/InteractiveVisualization.tsx(619,25): error TS17004: Cannot use JSX unless the '--jsx' flag is provided.
src/app/modules/[id]/InteractiveVisualization.tsx(620,29): error TS17004: Cannot use JSX unless the '--jsx' flag is provided.
src/app/modules/[id]/InteractiveVisualization.tsx(626,13): error TS17004: Cannot use JSX unless the '--jsx' flag is provided.
src/app/modules/[id]/InteractiveVisualization.tsx(648,9): error TS17004: Cannot use JSX unless the '--jsx' flag is provided.
src/app/modules/[id]/InteractiveVisualization.tsx(649,13): error TS17004: Cannot use JSX unless the '--jsx' flag is provided.
src/app/modules/[id]/InteractiveVisualization.tsx(650,17): error TS17004: Cannot use JSX unless the '--jsx' flag is provided.
src/app/modules/[id]/InteractiveVisualization.tsx(652,13): error TS17004: Cannot use JSX unless the '--jsx' flag is provided.
src/app/modules/[id]/InteractiveVisualization.tsx(652,62): error TS17004: Cannot use JSX unless the '--jsx' flag is provided.
src/app/modules/[id]/InteractiveVisualization.tsx(652,68): error TS17004: Cannot use JSX unless the '--jsx' flag is provided.
src/app/modules/[id]/InteractiveVisualization.tsx(654,13): error TS17004: Cannot use JSX unless the '--jsx' flag is provided.
src/app/modules/[id]/InteractiveVisualization.tsx(655,17): error TS17004: Cannot use JSX unless the '--jsx' flag is provided.
src/app/modules/[id]/InteractiveVisualization.tsx(657,25): error TS17004: Cannot use JSX unless the '--jsx' flag is provided.
src/app/modules/[id]/InteractiveVisualization.tsx(663,17): error TS17004: Cannot use JSX unless the '--jsx' flag is provided.
src/app/modules/[id]/InteractiveVisualization.tsx(665,25): error TS17004: Cannot use JSX unless the '--jsx' flag is provided.
src/app/modules/[id]/InteractiveVisualization.tsx(678,17): error TS17004: Cannot use JSX unless the '--jsx' flag is provided.
src/app/modules/[id]/InteractiveVisualization.tsx(679,21): error TS17004: Cannot use JSX unless the '--jsx' flag is provided.
src/app/modules/[id]/InteractiveVisualization.tsx(685,13): error TS17004: Cannot use JSX unless the '--jsx' flag is provided.
src/app/modules/[id]/InteractiveVisualization.tsx(686,17): error TS17004: Cannot use JSX unless the '--jsx' flag is provided.
src/app/modules/[id]/InteractiveVisualization.tsx(687,17): error TS17004: Cannot use JSX unless the '--jsx' flag is provided.
src/app/modules/[id]/InteractiveVisualization.tsx(688,17): error TS17004: Cannot use JSX unless the '--jsx' flag is provided.
src/app/modules/[id]/InteractiveVisualization.tsx(708,9): error TS17004: Cannot use JSX unless the '--jsx' flag is provided.
src/app/modules/[id]/InteractiveVisualization.tsx(709,13): error TS17004: Cannot use JSX unless the '--jsx' flag is provided.
src/app/modules/[id]/InteractiveVisualization.tsx(709,85): error TS17004: Cannot use JSX unless the '--jsx' flag is provided.
src/app/modules/[id]/InteractiveVisualization.tsx(710,13): error TS17004: Cannot use JSX unless the '--jsx' flag is provided.
src/app/modules/[id]/InteractiveVisualization.tsx(712,13): error TS17004: Cannot use JSX unless the '--jsx' flag is provided.
src/app/modules/[id]/InteractiveVisualization.tsx(714,17): error TS17004: Cannot use JSX unless the '--jsx' flag is provided.
src/app/modules/[id]/InteractiveVisualization.tsx(715,21): error TS17004: Cannot use JSX unless the '--jsx' flag is provided.
src/app/modules/[id]/InteractiveVisualization.tsx(716,21): error TS17004: Cannot use JSX unless the '--jsx' flag is provided.
src/app/modules/[id]/InteractiveVisualization.tsx(721,37): error TS17004: Cannot use JSX unless the '--jsx' flag is provided.
src/app/modules/[id]/InteractiveVisualization.tsx(738,17): error TS17004: Cannot use JSX unless the '--jsx' flag is provided.
src/app/modules/[id]/InteractiveVisualization.tsx(739,21): error TS17004: Cannot use JSX unless the '--jsx' flag is provided.
src/app/modules/[id]/InteractiveVisualization.tsx(743,17): error TS17004: Cannot use JSX unless the '--jsx' flag is provided.
src/app/modules/[id]/InteractiveVisualization.tsx(744,21): error TS17004: Cannot use JSX unless the '--jsx' flag is provided.
src/app/modules/[id]/InteractiveVisualization.tsx(745,21): error TS17004: Cannot use JSX unless the '--jsx' flag is provided.
src/app/modules/[id]/InteractiveVisualization.tsx(748,21): error TS17004: Cannot use JSX unless the '--jsx' flag is provided.
src/app/modules/[id]/InteractiveVisualization.tsx(778,9): error TS17004: Cannot use JSX unless the '--jsx' flag is provided.
src/app/modules/[id]/InteractiveVisualization.tsx(779,13): error TS17004: Cannot use JSX unless the '--jsx' flag is provided.
src/app/modules/[id]/InteractiveVisualization.tsx(779,87): error TS17004: Cannot use JSX unless the '--jsx' flag is provided.
src/app/modules/[id]/InteractiveVisualization.tsx(780,13): error TS17004: Cannot use JSX unless the '--jsx' flag is provided.
src/app/modules/[id]/InteractiveVisualization.tsx(782,13): error TS17004: Cannot use JSX unless the '--jsx' flag is provided.
src/app/modules/[id]/InteractiveVisualization.tsx(787,25): error TS17004: Cannot use JSX unless the '--jsx' flag is provided.
src/app/modules/[id]/InteractiveVisualization.tsx(813,9): error TS17004: Cannot use JSX unless the '--jsx' flag is provided.
src/app/modules/[id]/InteractiveVisualization.tsx(814,13): error TS17004: Cannot use JSX unless the '--jsx' flag is provided.
src/app/modules/[id]/InteractiveVisualization.tsx(814,87): error TS17004: Cannot use JSX unless the '--jsx' flag is provided.
src/app/modules/[id]/InteractiveVisualization.tsx(815,13): error TS17004: Cannot use JSX unless the '--jsx' flag is provided.
src/app/modules/[id]/InteractiveVisualization.tsx(817,13): error TS17004: Cannot use JSX unless the '--jsx' flag is provided.
src/app/modules/[id]/InteractiveVisualization.tsx(818,17): error TS17004: Cannot use JSX unless the '--jsx' flag is provided.
src/app/modules/[id]/InteractiveVisualization.tsx(819,21): error TS17004: Cannot use JSX unless the '--jsx' flag is provided.
src/app/modules/[id]/InteractiveVisualization.tsx(820,21): error TS17004: Cannot use JSX unless the '--jsx' flag is provided.
src/app/modules/[id]/InteractiveVisualization.tsx(821,21): error TS17004: Cannot use JSX unless the '--jsx' flag is provided.
src/app/modules/[id]/InteractiveVisualization.tsx(821,206): error TS17004: Cannot use JSX unless the '--jsx' flag is provided.
src/app/modules/[id]/InteractiveVisualization.tsx(821,212): error TS17004: Cannot use JSX unless the '--jsx' flag is provided.
src/app/modules/[id]/InteractiveVisualization.tsx(822,21): error TS17004: Cannot use JSX unless the '--jsx' flag is provided.
src/app/modules/[id]/InteractiveVisualization.tsx(823,25): error TS17004: Cannot use JSX unless the '--jsx' flag is provided.
src/app/modules/[id]/InteractiveVisualization.tsx(823,81): error TS17004: Cannot use JSX unless the '--jsx' flag is provided.
src/app/modules/[id]/InteractiveVisualization.tsx(824,25): error TS17004: Cannot use JSX unless the '--jsx' flag is provided.
src/app/modules/[id]/InteractiveVisualization.tsx(824,81): error TS17004: Cannot use JSX unless the '--jsx' flag is provided.
src/app/modules/[id]/InteractiveVisualization.tsx(825,25): error TS17004: Cannot use JSX unless the '--jsx' flag is provided.
src/app/modules/[id]/InteractiveVisualization.tsx(825,81): error TS17004: Cannot use JSX unless the '--jsx' flag is provided.
src/app/modules/[id]/InteractiveVisualization.tsx(827,21): error TS17004: Cannot use JSX unless the '--jsx' flag is provided.
src/app/modules/[id]/InteractiveVisualization.tsx(865,9): error TS17004: Cannot use JSX unless the '--jsx' flag is provided.
src/app/modules/[id]/InteractiveVisualization.tsx(866,13): error TS17004: Cannot use JSX unless the '--jsx' flag is provided.
src/app/modules/[id]/InteractiveVisualization.tsx(866,85): error TS17004: Cannot use JSX unless the '--jsx' flag is provided.
src/app/modules/[id]/InteractiveVisualization.tsx(867,13): error TS17004: Cannot use JSX unless the '--jsx' flag is provided.
src/app/modules/[id]/InteractiveVisualization.tsx(869,13): error TS17004: Cannot use JSX unless the '--jsx' flag is provided.
src/app/modules/[id]/InteractiveVisualization.tsx(870,17): error TS17004: Cannot use JSX unless the '--jsx' flag is provided.
src/app/modules/[id]/InteractiveVisualization.tsx(878,17): error TS17004: Cannot use JSX unless the '--jsx' flag is provided.
src/app/modules/[id]/InteractiveVisualization.tsx(879,21): error TS17004: Cannot use JSX unless the '--jsx' flag is provided.
src/app/modules/[id]/InteractiveVisualization.tsx(880,25): error TS17004: Cannot use JSX unless the '--jsx' flag is provided.
src/app/modules/[id]/InteractiveVisualization.tsx(881,25): error TS17004: Cannot use JSX unless the '--jsx' flag is provided.
src/app/modules/[id]/InteractiveVisualization.tsx(883,21): error TS17004: Cannot use JSX unless the '--jsx' flag is provided.
src/app/modules/[id]/InteractiveVisualization.tsx(892,21): error TS17004: Cannot use JSX unless the '--jsx' flag is provided.
src/app/modules/[id]/InteractiveVisualization.tsx(893,25): error TS17004: Cannot use JSX unless the '--jsx' flag is provided.
src/app/modules/[id]/InteractiveVisualization.tsx(894,25): error TS17004: Cannot use JSX unless the '--jsx' flag is provided.
src/app/modules/[id]/InteractiveVisualization.tsx(895,25): error TS17004: Cannot use JSX unless the '--jsx' flag is provided.
src/app/modules/[id]/InteractiveVisualization.tsx(900,17): error TS17004: Cannot use JSX unless the '--jsx' flag is provided.
src/app/modules/[id]/InteractiveVisualization.tsx(901,21): error TS17004: Cannot use JSX unless the '--jsx' flag is provided.
src/app/modules/[id]/InteractiveVisualization.tsx(903,25): error TS17004: Cannot use JSX unless the '--jsx' flag is provided.
src/app/modules/[id]/InteractiveVisualization.tsx(904,29): error TS17004: Cannot use JSX unless the '--jsx' flag is provided.
src/app/modules/[id]/InteractiveVisualization.tsx(910,29): error TS17004: Cannot use JSX unless the '--jsx' flag is provided.
src/app/modules/[id]/InteractiveVisualization.tsx(911,33): error TS17004: Cannot use JSX unless the '--jsx' flag is provided.
src/app/modules/[id]/InteractiveVisualization.tsx(915,37): error TS17004: Cannot use JSX unless the '--jsx' flag is provided.
src/app/modules/[id]/InteractiveVisualization.tsx(938,9): error TS17004: Cannot use JSX unless the '--jsx' flag is provided.
src/app/modules/[id]/InteractiveVisualization.tsx(939,13): error TS17004: Cannot use JSX unless the '--jsx' flag is provided.
src/app/modules/[id]/InteractiveVisualization.tsx(939,85): error TS17004: Cannot use JSX unless the '--jsx' flag is provided.
src/app/modules/[id]/InteractiveVisualization.tsx(940,13): error TS17004: Cannot use JSX unless the '--jsx' flag is provided.
src/app/modules/[id]/InteractiveVisualization.tsx(942,13): error TS17004: Cannot use JSX unless the '--jsx' flag is provided.
src/app/modules/[id]/InteractiveVisualization.tsx(943,17): error TS17004: Cannot use JSX unless the '--jsx' flag is provided.
src/app/modules/[id]/InteractiveVisualization.tsx(944,21): error TS17004: Cannot use JSX unless the '--jsx' flag is provided.
src/app/modules/[id]/InteractiveVisualization.tsx(945,25): error TS17004: Cannot use JSX unless the '--jsx' flag is provided.
src/app/modules/[id]/InteractiveVisualization.tsx(946,25): error TS17004: Cannot use JSX unless the '--jsx' flag is provided.
src/app/modules/[id]/InteractiveVisualization.tsx(951,25): error TS17004: Cannot use JSX unless the '--jsx' flag is provided.
src/app/modules/[id]/InteractiveVisualization.tsx(952,29): error TS17004: Cannot use JSX unless the '--jsx' flag is provided.
src/app/modules/[id]/InteractiveVisualization.tsx(953,29): error TS17004: Cannot use JSX unless the '--jsx' flag is provided.
src/app/modules/[id]/InteractiveVisualization.tsx(954,29): error TS17004: Cannot use JSX unless the '--jsx' flag is provided.
src/app/modules/[id]/InteractiveVisualization.tsx(959,17): error TS17004: Cannot use JSX unless the '--jsx' flag is provided.
src/app/modules/[id]/InteractiveVisualization.tsx(960,21): error TS17004: Cannot use JSX unless the '--jsx' flag is provided.
src/app/modules/[id]/InteractiveVisualization.tsx(961,25): error TS17004: Cannot use JSX unless the '--jsx' flag is provided.
src/app/modules/[id]/InteractiveVisualization.tsx(962,25): error TS17004: Cannot use JSX unless the '--jsx' flag is provided.
src/app/modules/[id]/InteractiveVisualization.tsx(965,21): error TS17004: Cannot use JSX unless the '--jsx' flag is provided.
src/app/modules/[id]/InteractiveVisualization.tsx(966,25): error TS17004: Cannot use JSX unless the '--jsx' flag is provided.
src/app/modules/[id]/InteractiveVisualization.tsx(967,29): error TS17004: Cannot use JSX unless the '--jsx' flag is provided.
src/app/modules/[id]/InteractiveVisualization.tsx(968,45): error TS17004: Cannot use JSX unless the '--jsx' flag is provided.
src/app/modules/[id]/InteractiveVisualization.tsx(970,25): error TS17004: Cannot use JSX unless the '--jsx' flag is provided.
src/app/modules/[id]/InteractiveVisualization.tsx(1003,9): error TS17004: Cannot use JSX unless the '--jsx' flag is provided.
src/app/modules/[id]/InteractiveVisualization.tsx(1004,13): error TS17004: Cannot use JSX unless the '--jsx' flag is provided.
src/app/modules/[id]/InteractiveVisualization.tsx(1005,17): error TS17004: Cannot use JSX unless the '--jsx' flag is provided.
src/app/modules/[id]/InteractiveVisualization.tsx(1007,13): error TS17004: Cannot use JSX unless the '--jsx' flag is provided.
src/app/modules/[id]/InteractiveVisualization.tsx(1007,62): error TS17004: Cannot use JSX unless the '--jsx' flag is provided.
src/app/modules/[id]/InteractiveVisualization.tsx(1007,68): error TS17004: Cannot use JSX unless the '--jsx' flag is provided.
src/app/modules/[id]/InteractiveVisualization.tsx(1009,13): error TS17004: Cannot use JSX unless the '--jsx' flag is provided.
src/app/modules/[id]/InteractiveVisualization.tsx(1010,17): error TS17004: Cannot use JSX unless the '--jsx' flag is provided.
src/app/modules/[id]/InteractiveVisualization.tsx(1011,21): error TS17004: Cannot use JSX unless the '--jsx' flag is provided.
src/app/modules/[id]/InteractiveVisualization.tsx(1012,21): error TS17004: Cannot use JSX unless the '--jsx' flag is provided.
src/app/modules/[id]/InteractiveVisualization.tsx(1013,25): error TS17004: Cannot use JSX unless the '--jsx' flag is provided.
src/app/modules/[id]/InteractiveVisualization.tsx(1014,25): error TS17004: Cannot use JSX unless the '--jsx' flag is provided.
src/app/modules/[id]/InteractiveVisualization.tsx(1020,25): error TS17004: Cannot use JSX unless the '--jsx' flag is provided.
src/app/modules/[id]/InteractiveVisualization.tsx(1022,31): error TS17004: Cannot use JSX unless the '--jsx' flag is provided.
src/app/modules/[id]/InteractiveVisualization.tsx(1025,17): error TS17004: Cannot use JSX unless the '--jsx' flag is provided.
src/app/modules/[id]/InteractiveVisualization.tsx(1026,21): error TS17004: Cannot use JSX unless the '--jsx' flag is provided.
src/app/modules/[id]/InteractiveVisualization.tsx(1027,25): error TS17004: Cannot use JSX unless the '--jsx' flag is provided.
src/app/modules/[id]/InteractiveVisualization.tsx(1028,25): error TS17004: Cannot use JSX unless the '--jsx' flag is provided.
src/app/modules/[id]/InteractiveVisualization.tsx(1034,21): error TS17004: Cannot use JSX unless the '--jsx' flag is provided.
src/app/modules/[id]/InteractiveVisualization.tsx(1035,25): error TS17004: Cannot use JSX unless the '--jsx' flag is provided.
src/app/modules/[id]/InteractiveVisualization.tsx(1036,25): error TS17004: Cannot use JSX unless the '--jsx' flag is provided.
src/app/modules/[id]/InteractiveVisualization.tsx(1038,33): error TS17004: Cannot use JSX unless the '--jsx' flag is provided.
src/app/modules/[id]/InteractiveVisualization.tsx(1046,17): error TS17004: Cannot use JSX unless the '--jsx' flag is provided.
src/app/modules/[id]/InteractiveVisualization.tsx(1047,21): error TS17004: Cannot use JSX unless the '--jsx' flag is provided.
src/app/modules/[id]/InteractiveVisualization.tsx(1048,21): error TS17004: Cannot use JSX unless the '--jsx' flag is provided.
src/app/modules/[id]/InteractiveVisualization.tsx(1049,21): error TS17004: Cannot use JSX unless the '--jsx' flag is provided.
src/app/modules/[id]/InteractiveVisualization.tsx(1050,21): error TS17004: Cannot use JSX unless the '--jsx' flag is provided.
src/app/modules/[id]/InteractiveVisualization.tsx(1089,9): error TS17004: Cannot use JSX unless the '--jsx' flag is provided.
src/app/modules/[id]/InteractiveVisualization.tsx(1090,13): error TS17004: Cannot use JSX unless the '--jsx' flag is provided.
src/app/modules/[id]/InteractiveVisualization.tsx(1091,17): error TS17004: Cannot use JSX unless the '--jsx' flag is provided.
src/app/modules/[id]/InteractiveVisualization.tsx(1093,13): error TS17004: Cannot use JSX unless the '--jsx' flag is provided.
src/app/modules/[id]/InteractiveVisualization.tsx(1093,62): error TS17004: Cannot use JSX unless the '--jsx' flag is provided.
src/app/modules/[id]/InteractiveVisualization.tsx(1093,68): error TS17004: Cannot use JSX unless the '--jsx' flag is provided.
src/app/modules/[id]/InteractiveVisualization.tsx(1095,13): error TS17004: Cannot use JSX unless the '--jsx' flag is provided.
src/app/modules/[id]/InteractiveVisualization.tsx(1096,17): error TS17004: Cannot use JSX unless the '--jsx' flag is provided.
src/app/modules/[id]/InteractiveVisualization.tsx(1097,21): error TS17004: Cannot use JSX unless the '--jsx' flag is provided.
src/app/modules/[id]/InteractiveVisualization.tsx(1098,25): error TS17004: Cannot use JSX unless the '--jsx' flag is provided.
src/app/modules/[id]/InteractiveVisualization.tsx(1099,25): error TS17004: Cannot use JSX unless the '--jsx' flag is provided.
src/app/modules/[id]/InteractiveVisualization.tsx(1102,21): error TS17004: Cannot use JSX unless the '--jsx' flag is provided.
src/app/modules/[id]/InteractiveVisualization.tsx(1103,25): error TS17004: Cannot use JSX unless the '--jsx' flag is provided.
src/app/modules/[id]/InteractiveVisualization.tsx(1104,25): error TS17004: Cannot use JSX unless the '--jsx' flag is provided.
src/app/modules/[id]/InteractiveVisualization.tsx(1106,33): error TS17004: Cannot use JSX unless the '--jsx' flag is provided.
src/app/modules/[id]/InteractiveVisualization.tsx(1113,21): error TS17004: Cannot use JSX unless the '--jsx' flag is provided.
src/app/modules/[id]/InteractiveVisualization.tsx(1114,25): error TS17004: Cannot use JSX unless the '--jsx' flag is provided.
src/app/modules/[id]/InteractiveVisualization.tsx(1115,25): error TS17004: Cannot use JSX unless the '--jsx' flag is provided.
src/app/modules/[id]/InteractiveVisualization.tsx(1122,25): error TS17004: Cannot use JSX unless the '--jsx' flag is provided.
src/app/modules/[id]/InteractiveVisualization.tsx(1123,72): error TS17004: Cannot use JSX unless the '--jsx' flag is provided.
src/app/modules/[id]/InteractiveVisualization.tsx(1128,17): error TS17004: Cannot use JSX unless the '--jsx' flag is provided.
src/app/modules/[id]/InteractiveVisualization.tsx(1129,21): error TS17004: Cannot use JSX unless the '--jsx' flag is provided.
src/app/modules/[id]/InteractiveVisualization.tsx(1130,25): error TS17004: Cannot use JSX unless the '--jsx' flag is provided.
src/app/modules/[id]/InteractiveVisualization.tsx(1131,29): error TS17004: Cannot use JSX unless the '--jsx' flag is provided.
src/app/modules/[id]/InteractiveVisualization.tsx(1135,29): error TS17004: Cannot use JSX unless the '--jsx' flag is provided.
src/app/modules/[id]/InteractiveVisualization.tsx(1137,37): error TS17004: Cannot use JSX unless the '--jsx' flag is provided.
src/app/modules/[id]/InteractiveVisualization.tsx(1138,41): error TS17004: Cannot use JSX unless the '--jsx' flag is provided.
src/app/modules/[id]/InteractiveVisualization.tsx(1139,45): error TS17004: Cannot use JSX unless the '--jsx' flag is provided.
src/app/modules/[id]/InteractiveVisualization.tsx(1142,45): error TS17004: Cannot use JSX unless the '--jsx' flag is provided.
src/app/modules/[id]/InteractiveVisualization.tsx(1143,49): error TS17004: Cannot use JSX unless the '--jsx' flag is provided.
src/app/modules/[id]/InteractiveVisualization.tsx(1148,41): error TS17004: Cannot use JSX unless the '--jsx' flag is provided.
src/app/modules/[id]/InteractiveVisualization.tsx(1149,45): error TS17004: Cannot use JSX unless the '--jsx' flag is provided.
src/app/modules/[id]/InteractiveVisualization.tsx(1155,29): error TS17004: Cannot use JSX unless the '--jsx' flag is provided.
src/app/modules/[id]/InteractiveVisualization.tsx(1156,72): error TS17004: Cannot use JSX unless the '--jsx' flag is provided.
src/app/modules/[id]/InteractiveVisualization.tsx(1171,9): error TS17004: Cannot use JSX unless the '--jsx' flag is provided.
src/app/modules/[id]/InteractiveVisualization.tsx(1172,13): error TS17004: Cannot use JSX unless the '--jsx' flag is provided.
src/app/modules/[id]/InteractiveVisualization.tsx(1173,17): error TS17004: Cannot use JSX unless the '--jsx' flag is provided.
src/app/modules/[id]/InteractiveVisualization.tsx(1175,13): error TS17004: Cannot use JSX unless the '--jsx' flag is provided.
src/app/modules/[id]/InteractiveVisualization.tsx(1175,62): error TS17004: Cannot use JSX unless the '--jsx' flag is provided.
src/app/modules/[id]/InteractiveVisualization.tsx(1175,68): error TS17004: Cannot use JSX unless the '--jsx' flag is provided.
src/app/modules/[id]/InteractiveVisualization.tsx(1177,13): error TS17004: Cannot use JSX unless the '--jsx' flag is provided.
src/app/modules/[id]/InteractiveVisualization.tsx(1179,17): error TS17004: Cannot use JSX unless the '--jsx' flag is provided.
src/app/modules/[id]/InteractiveVisualization.tsx(1180,21): error TS17004: Cannot use JSX unless the '--jsx' flag is provided.
src/app/modules/[id]/InteractiveVisualization.tsx(1181,21): error TS17004: Cannot use JSX unless the '--jsx' flag is provided.
src/app/modules/[id]/InteractiveVisualization.tsx(1183,25): error TS17004: Cannot use JSX unless the '--jsx' flag is provided.
src/app/modules/[id]/InteractiveVisualization.tsx(1186,25): error TS17004: Cannot use JSX unless the '--jsx' flag is provided.
src/app/modules/[id]/InteractiveVisualization.tsx(1191,17): error TS17004: Cannot use JSX unless the '--jsx' flag is provided.
src/app/modules/[id]/InteractiveVisualization.tsx(1192,21): error TS17004: Cannot use JSX unless the '--jsx' flag is provided.
src/app/modules/[id]/InteractiveVisualization.tsx(1193,25): error TS17004: Cannot use JSX unless the '--jsx' flag is provided.
src/app/modules/[id]/InteractiveVisualization.tsx(1194,29): error TS17004: Cannot use JSX unless the '--jsx' flag is provided.
src/app/modules/[id]/InteractiveVisualization.tsx(1196,25): error TS17004: Cannot use JSX unless the '--jsx' flag is provided.
src/app/modules/[id]/InteractiveVisualization.tsx(1197,29): error TS17004: Cannot use JSX unless the '--jsx' flag is provided.
src/app/modules/[id]/InteractiveVisualization.tsx(1199,25): error TS17004: Cannot use JSX unless the '--jsx' flag is provided.
src/app/modules/[id]/InteractiveVisualization.tsx(1200,29): error TS17004: Cannot use JSX unless the '--jsx' flag is provided.
src/app/modules/[id]/InteractiveVisualization.tsx(1205,21): error TS17004: Cannot use JSX unless the '--jsx' flag is provided.
src/app/modules/[id]/InteractiveVisualization.tsx(1206,21): error TS17004: Cannot use JSX unless the '--jsx' flag is provided.
src/app/modules/[id]/InteractiveVisualization.tsx(1209,21): error TS17004: Cannot use JSX unless the '--jsx' flag is provided.
src/app/modules/[id]/InteractiveVisualization.tsx(1210,21): error TS17004: Cannot use JSX unless the '--jsx' flag is provided.
src/app/modules/[id]/InteractiveVisualization.tsx(1213,21): error TS17004: Cannot use JSX unless the '--jsx' flag is provided.
src/app/modules/[id]/InteractiveVisualization.tsx(1214,21): error TS17004: Cannot use JSX unless the '--jsx' flag is provided.
src/app/modules/[id]/InteractiveVisualization.tsx(1218,17): error TS17004: Cannot use JSX unless the '--jsx' flag is provided.
src/app/modules/[id]/InteractiveVisualization.tsx(1219,17): error TS17004: Cannot use JSX unless the '--jsx' flag is provided.
src/app/modules/[id]/InteractiveVisualization.tsx(1221,17): error TS17004: Cannot use JSX unless the '--jsx' flag is provided.
src/app/modules/[id]/InteractiveVisualization.tsx(1222,17): error TS17004: Cannot use JSX unless the '--jsx' flag is provided.
src/app/modules/[id]/InteractiveVisualization.tsx(1224,17): error TS17004: Cannot use JSX unless the '--jsx' flag is provided.
src/app/modules/[id]/InteractiveVisualization.tsx(1225,21): error TS17004: Cannot use JSX unless the '--jsx' flag is provided.
src/app/modules/[id]/InteractiveVisualization.tsx(1226,21): error TS17004: Cannot use JSX unless the '--jsx' flag is provided.
src/app/modules/[id]/InteractiveVisualization.tsx(1226,97): error TS17004: Cannot use JSX unless the '--jsx' flag is provided.
src/app/modules/[id]/InteractiveVisualization.tsx(1226,143): error TS17004: Cannot use JSX unless the '--jsx' flag is provided.
src/app/modules/[id]/InteractiveVisualization.tsx(1226,189): error TS17004: Cannot use JSX unless the '--jsx' flag is provided.
src/app/modules/[id]/InteractiveVisualization.tsx(1227,21): error TS17004: Cannot use JSX unless the '--jsx' flag is provided.
src/app/modules/[id]/InteractiveVisualization.tsx(1227,99): error TS17004: Cannot use JSX unless the '--jsx' flag is provided.
src/app/modules/[id]/InteractiveVisualization.tsx(1228,21): error TS17004: Cannot use JSX unless the '--jsx' flag is provided.
src/app/modules/[id]/InteractiveVisualization.tsx(1242,9): error TS17004: Cannot use JSX unless the '--jsx' flag is provided.
src/app/modules/[id]/InteractiveVisualization.tsx(1243,13): error TS17004: Cannot use JSX unless the '--jsx' flag is provided.
src/app/modules/[id]/InteractiveVisualization.tsx(1244,17): error TS17004: Cannot use JSX unless the '--jsx' flag is provided.
src/app/modules/[id]/InteractiveVisualization.tsx(1246,13): error TS17004: Cannot use JSX unless the '--jsx' flag is provided.
src/app/modules/[id]/InteractiveVisualization.tsx(1246,62): error TS17004: Cannot use JSX unless the '--jsx' flag is provided.
src/app/modules/[id]/InteractiveVisualization.tsx(1246,68): error TS17004: Cannot use JSX unless the '--jsx' flag is provided.
src/app/modules/[id]/InteractiveVisualization.tsx(1248,13): error TS17004: Cannot use JSX unless the '--jsx' flag is provided.
src/app/modules/[id]/InteractiveVisualization.tsx(1249,17): error TS17004: Cannot use JSX unless the '--jsx' flag is provided.
src/app/modules/[id]/InteractiveVisualization.tsx(1250,21): error TS17004: Cannot use JSX unless the '--jsx' flag is provided.
src/app/modules/[id]/InteractiveVisualization.tsx(1251,25): error TS17004: Cannot use JSX unless the '--jsx' flag is provided.
src/app/modules/[id]/InteractiveVisualization.tsx(1251,53): error TS17004: Cannot use JSX unless the '--jsx' flag is provided.
src/app/modules/[id]/InteractiveVisualization.tsx(1253,21): error TS17004: Cannot use JSX unless the '--jsx' flag is provided.
src/app/modules/[id]/InteractiveVisualization.tsx(1254,21): error TS17004: Cannot use JSX unless the '--jsx' flag is provided.
src/app/modules/[id]/InteractiveVisualization.tsx(1255,25): error TS17004: Cannot use JSX unless the '--jsx' flag is provided.
src/app/modules/[id]/InteractiveVisualization.tsx(1255,55): error TS17004: Cannot use JSX unless the '--jsx' flag is provided.
src/app/modules/[id]/InteractiveVisualization.tsx(1257,21): error TS17004: Cannot use JSX unless the '--jsx' flag is provided.
src/app/modules/[id]/InteractiveVisualization.tsx(1258,21): error TS17004: Cannot use JSX unless the '--jsx' flag is provided.
src/app/modules/[id]/InteractiveVisualization.tsx(1259,25): error TS17004: Cannot use JSX unless the '--jsx' flag is provided.
src/app/modules/[id]/InteractiveVisualization.tsx(1259,53): error TS17004: Cannot use JSX unless the '--jsx' flag is provided.
src/app/modules/[id]/InteractiveVisualization.tsx(1261,21): error TS17004: Cannot use JSX unless the '--jsx' flag is provided.
src/app/modules/[id]/InteractiveVisualization.tsx(1262,21): error TS17004: Cannot use JSX unless the '--jsx' flag is provided.
src/app/modules/[id]/InteractiveVisualization.tsx(1263,25): error TS17004: Cannot use JSX unless the '--jsx' flag is provided.
src/app/modules/[id]/InteractiveVisualization.tsx(1263,52): error TS17004: Cannot use JSX unless the '--jsx' flag is provided.
src/app/modules/[id]/InteractiveVisualization.tsx(1267,17): error TS17004: Cannot use JSX unless the '--jsx' flag is provided.
src/app/modules/[id]/InteractiveVisualization.tsx(1269,21): error TS17004: Cannot use JSX unless the '--jsx' flag is provided.
src/app/modules/[id]/InteractiveVisualization.tsx(1270,25): error TS17004: Cannot use JSX unless the '--jsx' flag is provided.
src/app/modules/[id]/InteractiveVisualization.tsx(1271,29): error TS17004: Cannot use JSX unless the '--jsx' flag is provided.
src/app/modules/[id]/InteractiveVisualization.tsx(1271,84): error TS17004: Cannot use JSX unless the '--jsx' flag is provided.
src/app/modules/[id]/InteractiveVisualization.tsx(1271,142): error TS17004: Cannot use JSX unless the '--jsx' flag is provided.
src/app/modules/[id]/InteractiveVisualization.tsx(1273,25): error TS17004: Cannot use JSX unless the '--jsx' flag is provided.
src/app/modules/[id]/InteractiveVisualization.tsx(1276,21): error TS17004: Cannot use JSX unless the '--jsx' flag is provided.
src/app/modules/[id]/InteractiveVisualization.tsx(1278,29): error TS17004: Cannot use JSX unless the '--jsx' flag is provided.
src/app/modules/[id]/InteractiveVisualization.tsx(1279,33): error TS17004: Cannot use JSX unless the '--jsx' flag is provided.
src/app/modules/[id]/InteractiveVisualization.tsx(1280,33): error TS17004: Cannot use JSX unless the '--jsx' flag is provided.
src/app/modules/[id]/InteractiveVisualization.tsx(1285,29): error TS17004: Cannot use JSX unless the '--jsx' flag is provided.
src/app/modules/[id]/InteractiveVisualization.tsx(1286,33): error TS17004: Cannot use JSX unless the '--jsx' flag is provided.
src/app/modules/[id]/InteractiveVisualization.tsx(1287,37): error TS17004: Cannot use JSX unless the '--jsx' flag is provided.
src/app/modules/[id]/InteractiveVisualization.tsx(1289,33): error TS17004: Cannot use JSX unless the '--jsx' flag is provided.
src/app/modules/[id]/InteractiveVisualization.tsx(1290,37): error TS17004: Cannot use JSX unless the '--jsx' flag is provided.
src/app/modules/[id]/InteractiveVisualization.tsx(1296,29): error TS17004: Cannot use JSX unless the '--jsx' flag is provided.
src/app/modules/[id]/InteractiveVisualization.tsx(1297,33): error TS17004: Cannot use JSX unless the '--jsx' flag is provided.
src/app/modules/[id]/InteractiveVisualization.tsx(1298,33): error TS17004: Cannot use JSX unless the '--jsx' flag is provided.
src/app/modules/[id]/InteractiveVisualization.tsx(1299,37): error TS17004: Cannot use JSX unless the '--jsx' flag is provided.
src/app/modules/[id]/InteractiveVisualization.tsx(1299,138): error TS17004: Cannot use JSX unless the '--jsx' flag is provided.
src/app/modules/[id]/InteractiveVisualization.tsx(1300,37): error TS17004: Cannot use JSX unless the '--jsx' flag is provided.
src/app/modules/[id]/InteractiveVisualization.tsx(1300,99): error TS17004: Cannot use JSX unless the '--jsx' flag is provided.
src/app/modules/[id]/InteractiveVisualization.tsx(1301,85): error TS17004: Cannot use JSX unless the '--jsx' flag is provided.
src/app/modules/[id]/InteractiveVisualization.tsx(1302,37): error TS17004: Cannot use JSX unless the '--jsx' flag is provided.
src/app/modules/[id]/InteractiveVisualization.tsx(1302,102): error TS17004: Cannot use JSX unless the '--jsx' flag is provided.
src/app/modules/[id]/InteractiveVisualization.tsx(1309,29): error TS17004: Cannot use JSX unless the '--jsx' flag is provided.
src/app/modules/[id]/InteractiveVisualization.tsx(1310,33): error TS17004: Cannot use JSX unless the '--jsx' flag is provided.
src/app/modules/[id]/InteractiveVisualization.tsx(1310,91): error TS17004: Cannot use JSX unless the '--jsx' flag is provided.
src/app/modules/[id]/InteractiveVisualization.tsx(1311,33): error TS17004: Cannot use JSX unless the '--jsx' flag is provided.
src/app/modules/[id]/InteractiveVisualization.tsx(1311,161): error TS17004: Cannot use JSX unless the '--jsx' flag is provided.
src/app/modules/[id]/InteractiveVisualization.tsx(1367,9): error TS17004: Cannot use JSX unless the '--jsx' flag is provided.
src/app/modules/[id]/InteractiveVisualization.tsx(1368,13): error TS17004: Cannot use JSX unless the '--jsx' flag is provided.
src/app/modules/[id]/InteractiveVisualization.tsx(1369,17): error TS17004: Cannot use JSX unless the '--jsx' flag is provided.
src/app/modules/[id]/InteractiveVisualization.tsx(1371,13): error TS17004: Cannot use JSX unless the '--jsx' flag is provided.
src/app/modules/[id]/InteractiveVisualization.tsx(1371,62): error TS17004: Cannot use JSX unless the '--jsx' flag is provided.
src/app/modules/[id]/InteractiveVisualization.tsx(1371,68): error TS17004: Cannot use JSX unless the '--jsx' flag is provided.
src/app/modules/[id]/InteractiveVisualization.tsx(1373,13): error TS17004: Cannot use JSX unless the '--jsx' flag is provided.
src/app/modules/[id]/InteractiveVisualization.tsx(1374,17): error TS17004: Cannot use JSX unless the '--jsx' flag is provided.
src/app/modules/[id]/InteractiveVisualization.tsx(1375,21): error TS17004: Cannot use JSX unless the '--jsx' flag is provided.
src/app/modules/[id]/InteractiveVisualization.tsx(1376,21): error TS17004: Cannot use JSX unless the '--jsx' flag is provided.
src/app/modules/[id]/InteractiveVisualization.tsx(1380,25): error TS17004: Cannot use JSX unless the '--jsx' flag is provided.
src/app/modules/[id]/InteractiveVisualization.tsx(1381,25): error TS17004: Cannot use JSX unless the '--jsx' flag is provided.
src/app/modules/[id]/InteractiveVisualization.tsx(1382,25): error TS17004: Cannot use JSX unless the '--jsx' flag is provided.
src/app/modules/[id]/InteractiveVisualization.tsx(1385,21): error TS17004: Cannot use JSX unless the '--jsx' flag is provided.
src/app/modules/[id]/InteractiveVisualization.tsx(1389,25): error TS17004: Cannot use JSX unless the '--jsx' flag is provided.
src/app/modules/[id]/InteractiveVisualization.tsx(1390,25): error TS17004: Cannot use JSX unless the '--jsx' flag is provided.
src/app/modules/[id]/InteractiveVisualization.tsx(1391,25): error TS17004: Cannot use JSX unless the '--jsx' flag is provided.
src/app/modules/[id]/InteractiveVisualization.tsx(1395,17): error TS17004: Cannot use JSX unless the '--jsx' flag is provided.
src/app/modules/[id]/InteractiveVisualization.tsx(1396,21): error TS17004: Cannot use JSX unless the '--jsx' flag is provided.
src/app/modules/[id]/InteractiveVisualization.tsx(1397,25): error TS17004: Cannot use JSX unless the '--jsx' flag is provided.
src/app/modules/[id]/InteractiveVisualization.tsx(1398,25): error TS17004: Cannot use JSX unless the '--jsx' flag is provided.
src/app/modules/[id]/InteractiveVisualization.tsx(1401,21): error TS17004: Cannot use JSX unless the '--jsx' flag is provided.
src/app/modules/[id]/InteractiveVisualization.tsx(1403,29): error TS17004: Cannot use JSX unless the '--jsx' flag is provided.
src/app/modules/[id]/InteractiveVisualization.tsx(1404,33): error TS17004: Cannot use JSX unless the '--jsx' flag is provided.
src/app/modules/[id]/InteractiveVisualization.tsx(1415,21): error TS17004: Cannot use JSX unless the '--jsx' flag is provided.
src/app/modules/[id]/InteractiveVisualization.tsx(1416,25): error TS17004: Cannot use JSX unless the '--jsx' flag is provided.
src/app/modules/[id]/InteractiveVisualization.tsx(1424,25): error TS17004: Cannot use JSX unless the '--jsx' flag is provided.
src/app/modules/[id]/InteractiveVisualization.tsx(1425,29): error TS17004: Cannot use JSX unless the '--jsx' flag is provided.
src/app/modules/[id]/InteractiveVisualization.tsx(1447,9): error TS17004: Cannot use JSX unless the '--jsx' flag is provided.
src/app/modules/[id]/InteractiveVisualization.tsx(1448,13): error TS17004: Cannot use JSX unless the '--jsx' flag is provided.
src/app/modules/[id]/InteractiveVisualization.tsx(1448,85): error TS17004: Cannot use JSX unless the '--jsx' flag is provided.
src/app/modules/[id]/InteractiveVisualization.tsx(1449,13): error TS17004: Cannot use JSX unless the '--jsx' flag is provided.
src/app/modules/[id]/InteractiveVisualization.tsx(1451,13): error TS17004: Cannot use JSX unless the '--jsx' flag is provided.
src/app/modules/[id]/InteractiveVisualization.tsx(1452,17): error TS17004: Cannot use JSX unless the '--jsx' flag is provided.
src/app/modules/[id]/InteractiveVisualization.tsx(1453,17): error TS17004: Cannot use JSX unless the '--jsx' flag is provided.
src/app/modules/[id]/InteractiveVisualization.tsx(1456,13): error TS17004: Cannot use JSX unless the '--jsx' flag is provided.
src/app/modules/[id]/InteractiveVisualization.tsx(1458,21): error TS17004: Cannot use JSX unless the '--jsx' flag is provided.
src/app/modules/[id]/InteractiveVisualization.tsx(1467,13): error TS17004: Cannot use JSX unless the '--jsx' flag is provided.
src/app/modules/[id]/InteractiveVisualization.tsx(1468,17): error TS17004: Cannot use JSX unless the '--jsx' flag is provided.
src/app/modules/[id]/InteractiveVisualization.tsx(1469,21): error TS17004: Cannot use JSX unless the '--jsx' flag is provided.
src/app/modules/[id]/InteractiveVisualization.tsx(1470,21): error TS17004: Cannot use JSX unless the '--jsx' flag is provided.
src/app/modules/[id]/InteractiveVisualization.tsx(1472,17): error TS17004: Cannot use JSX unless the '--jsx' flag is provided.
src/app/modules/[id]/InteractiveVisualization.tsx(1473,21): error TS17004: Cannot use JSX unless the '--jsx' flag is provided.
src/app/modules/[id]/InteractiveVisualization.tsx(1477,13): error TS17004: Cannot use JSX unless the '--jsx' flag is provided.
src/app/modules/[id]/InteractiveVisualization.tsx(1478,17): error TS17004: Cannot use JSX unless the '--jsx' flag is provided.
src/app/modules/[id]/InteractiveVisualization.tsx(1479,17): error TS17004: Cannot use JSX unless the '--jsx' flag is provided.
src/app/modules/[id]/InteractiveVisualization.tsx(1480,17): error TS17004: Cannot use JSX unless the '--jsx' flag is provided.
src/app/modules/[id]/InteractiveVisualization.tsx(1480,138): error TS17004: Cannot use JSX unless the '--jsx' flag is provided.
src/app/modules/[id]/InteractiveVisualization.tsx(1482,13): error TS17004: Cannot use JSX unless the '--jsx' flag is provided.
src/app/modules/[id]/InteractiveVisualization.tsx(1503,9): error TS17004: Cannot use JSX unless the '--jsx' flag is provided.
src/app/modules/[id]/InteractiveVisualization.tsx(1504,13): error TS17004: Cannot use JSX unless the '--jsx' flag is provided.
src/app/modules/[id]/InteractiveVisualization.tsx(1504,87): error TS17004: Cannot use JSX unless the '--jsx' flag is provided.
src/app/modules/[id]/InteractiveVisualization.tsx(1505,13): error TS17004: Cannot use JSX unless the '--jsx' flag is provided.
src/app/modules/[id]/InteractiveVisualization.tsx(1507,13): error TS17004: Cannot use JSX unless the '--jsx' flag is provided.
src/app/modules/[id]/InteractiveVisualization.tsx(1509,21): error TS17004: Cannot use JSX unless the '--jsx' flag is provided.
src/app/modules/[id]/InteractiveVisualization.tsx(1521,17): error TS17004: Cannot use JSX unless the '--jsx' flag is provided.
src/app/modules/[id]/InteractiveVisualization.tsx(1522,21): error TS17004: Cannot use JSX unless the '--jsx' flag is provided.
src/app/modules/[id]/InteractiveVisualization.tsx(1523,21): error TS17004: Cannot use JSX unless the '--jsx' flag is provided.
src/app/modules/[id]/InteractiveVisualization.tsx(1525,29): error TS17004: Cannot use JSX unless the '--jsx' flag is provided.
src/app/modules/[id]/InteractiveVisualization.tsx(1530,17): error TS17004: Cannot use JSX unless the '--jsx' flag is provided.
src/app/modules/[id]/InteractiveVisualization.tsx(1531,21): error TS17004: Cannot use JSX unless the '--jsx' flag is provided.
src/app/modules/[id]/InteractiveVisualization.tsx(1534,21): error TS17004: Cannot use JSX unless the '--jsx' flag is provided.
src/app/modules/[id]/InteractiveVisualization.tsx(1557,9): error TS17004: Cannot use JSX unless the '--jsx' flag is provided.
src/app/modules/[id]/InteractiveVisualization.tsx(1558,13): error TS17004: Cannot use JSX unless the '--jsx' flag is provided.
src/app/modules/[id]/InteractiveVisualization.tsx(1558,87): error TS17004: Cannot use JSX unless the '--jsx' flag is provided.
src/app/modules/[id]/InteractiveVisualization.tsx(1559,13): error TS17004: Cannot use JSX unless the '--jsx' flag is provided.
src/app/modules/[id]/InteractiveVisualization.tsx(1561,13): error TS17004: Cannot use JSX unless the '--jsx' flag is provided.
src/app/modules/[id]/InteractiveVisualization.tsx(1562,17): error TS17004: Cannot use JSX unless the '--jsx' flag is provided.
src/app/modules/[id]/InteractiveVisualization.tsx(1563,21): error TS17004: Cannot use JSX unless the '--jsx' flag is provided.
src/app/modules/[id]/InteractiveVisualization.tsx(1564,25): error TS17004: Cannot use JSX unless the '--jsx' flag is provided.
src/app/modules/[id]/InteractiveVisualization.tsx(1566,21): error TS17004: Cannot use JSX unless the '--jsx' flag is provided.
src/app/modules/[id]/InteractiveVisualization.tsx(1567,25): error TS17004: Cannot use JSX unless the '--jsx' flag is provided.
src/app/modules/[id]/InteractiveVisualization.tsx(1568,29): error TS17004: Cannot use JSX unless the '--jsx' flag is provided.
src/app/modules/[id]/InteractiveVisualization.tsx(1569,29): error TS17004: Cannot use JSX unless the '--jsx' flag is provided.
src/app/modules/[id]/InteractiveVisualization.tsx(1574,17): error TS17004: Cannot use JSX unless the '--jsx' flag is provided.
src/app/modules/[id]/InteractiveVisualization.tsx(1575,21): error TS17004: Cannot use JSX unless the '--jsx' flag is provided.
src/app/modules/[id]/InteractiveVisualization.tsx(1576,21): error TS17004: Cannot use JSX unless the '--jsx' flag is provided.
src/app/modules/[id]/InteractiveVisualization.tsx(1577,21): error TS17004: Cannot use JSX unless the '--jsx' flag is provided.
src/app/modules/[id]/InteractiveVisualization.tsx(1580,17): error TS17004: Cannot use JSX unless the '--jsx' flag is provided.
src/app/modules/[id]/InteractiveVisualization.tsx(1581,21): error TS17004: Cannot use JSX unless the '--jsx' flag is provided.
src/app/modules/[id]/InteractiveVisualization.tsx(1582,21): error TS17004: Cannot use JSX unless the '--jsx' flag is provided.
src/app/modules/[id]/InteractiveVisualization.tsx(1583,25): error TS17004: Cannot use JSX unless the '--jsx' flag is provided.
src/app/modules/[id]/InteractiveVisualization.tsx(1587,13): error TS17004: Cannot use JSX unless the '--jsx' flag is provided.
src/app/modules/[id]/InteractiveVisualization.tsx(1607,9): error TS17004: Cannot use JSX unless the '--jsx' flag is provided.
src/app/modules/[id]/InteractiveVisualization.tsx(1608,13): error TS17004: Cannot use JSX unless the '--jsx' flag is provided.
src/app/modules/[id]/InteractiveVisualization.tsx(1608,88): error TS17004: Cannot use JSX unless the '--jsx' flag is provided.
src/app/modules/[id]/InteractiveVisualization.tsx(1609,13): error TS17004: Cannot use JSX unless the '--jsx' flag is provided.
src/app/modules/[id]/InteractiveVisualization.tsx(1611,13): error TS17004: Cannot use JSX unless the '--jsx' flag is provided.
src/app/modules/[id]/InteractiveVisualization.tsx(1613,21): error TS17004: Cannot use JSX unless the '--jsx' flag is provided.
src/app/modules/[id]/InteractiveVisualization.tsx(1614,25): error TS17004: Cannot use JSX unless the '--jsx' flag is provided.
src/app/modules/[id]/InteractiveVisualization.tsx(1618,29): error TS17004: Cannot use JSX unless the '--jsx' flag is provided.
src/app/modules/[id]/InteractiveVisualization.tsx(1620,51): error TS17004: Cannot use JSX unless the '--jsx' flag is provided.
src/app/modules/[id]/InteractiveVisualization.tsx(1625,13): error TS17004: Cannot use JSX unless the '--jsx' flag is provided.
src/app/modules/[id]/InteractiveVisualization.tsx(1629,31): error TS17004: Cannot use JSX unless the '--jsx' flag is provided.
src/app/modules/[id]/InteractiveVisualization.tsx(1733,9): error TS17004: Cannot use JSX unless the '--jsx' flag is provided.
src/app/modules/[id]/InteractiveVisualization.tsx(1734,13): error TS17004: Cannot use JSX unless the '--jsx' flag is provided.
src/app/modules/[id]/InteractiveVisualization.tsx(1735,17): error TS17004: Cannot use JSX unless the '--jsx' flag is provided.
src/app/modules/[id]/InteractiveVisualization.tsx(1737,13): error TS17004: Cannot use JSX unless the '--jsx' flag is provided.
src/app/modules/[id]/InteractiveVisualization.tsx(1739,13): error TS17004: Cannot use JSX unless the '--jsx' flag is provided.
src/app/modules/[id]/InteractiveVisualization.tsx(1740,17): error TS17004: Cannot use JSX unless the '--jsx' flag is provided.
src/app/modules/[id]/InteractiveVisualization.tsx(1741,21): error TS17004: Cannot use JSX unless the '--jsx' flag is provided.
src/app/modules/[id]/InteractiveVisualization.tsx(1742,21): error TS17004: Cannot use JSX unless the '--jsx' flag is provided.
src/app/modules/[id]/InteractiveVisualization.tsx(1750,33): error TS17004: Cannot use JSX unless the '--jsx' flag is provided.
src/app/modules/[id]/InteractiveVisualization.tsx(1758,49): error TS17004: Cannot use JSX unless the '--jsx' flag is provided.
src/app/modules/[id]/InteractiveVisualization.tsx(1759,60): error TS17004: Cannot use JSX unless the '--jsx' flag is provided.
src/app/modules/[id]/InteractiveVisualization.tsx(1760,48): error TS17004: Cannot use JSX unless the '--jsx' flag is provided.
src/app/modules/[id]/InteractiveVisualization.tsx(1762,41): error TS17004: Cannot use JSX unless the '--jsx' flag is provided.
src/app/modules/[id]/InteractiveVisualization.tsx(1770,21): error TS17004: Cannot use JSX unless the '--jsx' flag is provided.
src/app/modules/[id]/InteractiveVisualization.tsx(1771,25): error TS17004: Cannot use JSX unless the '--jsx' flag is provided.
src/app/modules/[id]/InteractiveVisualization.tsx(1771,45): error TS17004: Cannot use JSX unless the '--jsx' flag is provided.
src/app/modules/[id]/InteractiveVisualization.tsx(1771,67): error TS17004: Cannot use JSX unless the '--jsx' flag is provided.
src/app/modules/[id]/InteractiveVisualization.tsx(1772,25): error TS17004: Cannot use JSX unless the '--jsx' flag is provided.
src/app/modules/[id]/InteractiveVisualization.tsx(1776,17): error TS17004: Cannot use JSX unless the '--jsx' flag is provided.
src/app/modules/[id]/InteractiveVisualization.tsx(1777,21): error TS17004: Cannot use JSX unless the '--jsx' flag is provided.
src/app/modules/[id]/InteractiveVisualization.tsx(1779,29): error TS17004: Cannot use JSX unless the '--jsx' flag is provided.
src/app/modules/[id]/InteractiveVisualization.tsx(1780,33): error TS17004: Cannot use JSX unless the '--jsx' flag is provided.
src/app/modules/[id]/InteractiveVisualization.tsx(1781,33): error TS17004: Cannot use JSX unless the '--jsx' flag is provided.
src/app/modules/[id]/InteractiveVisualization.tsx(1786,21): error TS17004: Cannot use JSX unless the '--jsx' flag is provided.
src/app/modules/[id]/InteractiveVisualization.tsx(1787,25): error TS17004: Cannot use JSX unless the '--jsx' flag is provided.
src/app/modules/[id]/InteractiveVisualization.tsx(1788,25): error TS17004: Cannot use JSX unless the '--jsx' flag is provided.
src/app/modules/[id]/InteractiveVisualization.tsx(1791,25): error TS17004: Cannot use JSX unless the '--jsx' flag is provided.
src/app/modules/[id]/InteractiveVisualization.tsx(1791,85): error TS17004: Cannot use JSX unless the '--jsx' flag is provided.
src/app/modules/[id]/InteractiveVisualization.tsx(1791,103): error TS17004: Cannot use JSX unless the '--jsx' flag is provided.
src/app/modules/[id]/InteractiveVisualization.tsx(1791,125): error TS17004: Cannot use JSX unless the '--jsx' flag is provided.
src/app/modules/[id]/InteractiveVisualization.tsx(1794,21): error TS17004: Cannot use JSX unless the '--jsx' flag is provided.
src/app/modules/[id]/InteractiveVisualization.tsx(1798,21): error TS17004: Cannot use JSX unless the '--jsx' flag is provided.
src/app/modules/[id]/InteractiveVisualization.tsx(1799,25): error TS17004: Cannot use JSX unless the '--jsx' flag is provided.
src/app/modules/[id]/InteractiveVisualization.tsx(1803,25): error TS17004: Cannot use JSX unless the '--jsx' flag is provided.
src/app/modules/[id]/InteractiveVisualization.tsx(1807,25): error TS17004: Cannot use JSX unless the '--jsx' flag is provided.
src/app/modules/[id]/InteractiveVisualization.tsx(1809,29): error TS17004: Cannot use JSX unless the '--jsx' flag is provided.
src/app/modules/[id]/InteractiveVisualization.tsx(1813,21): error TS17004: Cannot use JSX unless the '--jsx' flag is provided.
src/app/modules/[id]/InteractiveVisualization.tsx(1814,25): error TS17004: Cannot use JSX unless the '--jsx' flag is provided.
src/app/modules/[id]/InteractiveVisualization.tsx(1852,9): error TS17004: Cannot use JSX unless the '--jsx' flag is provided.
src/app/modules/[id]/InteractiveVisualization.tsx(1853,13): error TS17004: Cannot use JSX unless the '--jsx' flag is provided.
src/app/modules/[id]/InteractiveVisualization.tsx(1854,17): error TS17004: Cannot use JSX unless the '--jsx' flag is provided.
src/app/modules/[id]/InteractiveVisualization.tsx(1856,13): error TS17004: Cannot use JSX unless the '--jsx' flag is provided.
src/app/modules/[id]/InteractiveVisualization.tsx(1858,13): error TS17004: Cannot use JSX unless the '--jsx' flag is provided.
src/app/modules/[id]/InteractiveVisualization.tsx(1859,17): error TS17004: Cannot use JSX unless the '--jsx' flag is provided.
src/app/modules/[id]/InteractiveVisualization.tsx(1860,21): error TS17004: Cannot use JSX unless the '--jsx' flag is provided.
src/app/modules/[id]/InteractiveVisualization.tsx(1861,35): error TS17004: Cannot use JSX unless the '--jsx' flag is provided.
src/app/modules/[id]/InteractiveVisualization.tsx(1862,21): error TS17004: Cannot use JSX unless the '--jsx' flag is provided.
src/app/modules/[id]/InteractiveVisualization.tsx(1863,21): error TS17004: Cannot use JSX unless the '--jsx' flag is provided.
src/app/modules/[id]/InteractiveVisualization.tsx(1865,17): error TS17004: Cannot use JSX unless the '--jsx' flag is provided.
src/app/modules/[id]/InteractiveVisualization.tsx(1866,21): error TS17004: Cannot use JSX unless the '--jsx' flag is provided.
src/app/modules/[id]/InteractiveVisualization.tsx(1867,35): error TS17004: Cannot use JSX unless the '--jsx' flag is provided.
src/app/modules/[id]/InteractiveVisualization.tsx(1871,13): error TS17004: Cannot use JSX unless the '--jsx' flag is provided.
src/app/modules/[id]/InteractiveVisualization.tsx(1877,21): error TS17004: Cannot use JSX unless the '--jsx' flag is provided.
src/app/modules/[id]/InteractiveVisualization.tsx(1878,25): error TS17004: Cannot use JSX unless the '--jsx' flag is provided.
src/app/modules/[id]/InteractiveVisualization.tsx(1879,25): error TS17004: Cannot use JSX unless the '--jsx' flag is provided.
src/app/modules/[id]/InteractiveVisualization.tsx(1882,25): error TS17004: Cannot use JSX unless the '--jsx' flag is provided.
src/app/modules/[id]/InteractiveVisualization.tsx(1887,13): error TS17004: Cannot use JSX unless the '--jsx' flag is provided.
src/app/modules/[id]/InteractiveVisualization.tsx(1891,21): error TS17004: Cannot use JSX unless the '--jsx' flag is provided.
src/app/modules/[id]/InteractiveVisualization.tsx(1897,13): error TS17004: Cannot use JSX unless the '--jsx' flag is provided.
src/app/modules/[id]/InteractiveVisualization.tsx(1898,17): error TS17004: Cannot use JSX unless the '--jsx' flag is provided.
src/app/modules/[id]/InteractiveVisualization.tsx(1923,9): error TS17004: Cannot use JSX unless the '--jsx' flag is provided.
src/app/modules/[id]/InteractiveVisualization.tsx(1924,13): error TS17004: Cannot use JSX unless the '--jsx' flag is provided.
src/app/modules/[id]/InteractiveVisualization.tsx(1925,17): error TS17004: Cannot use JSX unless the '--jsx' flag is provided.
src/app/modules/[id]/InteractiveVisualization.tsx(1927,13): error TS17004: Cannot use JSX unless the '--jsx' flag is provided.
src/app/modules/[id]/InteractiveVisualization.tsx(1929,13): error TS17004: Cannot use JSX unless the '--jsx' flag is provided.
src/app/modules/[id]/InteractiveVisualization.tsx(1930,17): error TS17004: Cannot use JSX unless the '--jsx' flag is provided.
src/app/modules/[id]/InteractiveVisualization.tsx(1931,21): error TS17004: Cannot use JSX unless the '--jsx' flag is provided.
src/app/modules/[id]/InteractiveVisualization.tsx(1932,21): error TS17004: Cannot use JSX unless the '--jsx' flag is provided.
src/app/modules/[id]/InteractiveVisualization.tsx(1939,37): error TS17004: Cannot use JSX unless the '--jsx' flag is provided.
src/app/modules/[id]/InteractiveVisualization.tsx(1949,29): error TS17004: Cannot use JSX unless the '--jsx' flag is provided.
src/app/modules/[id]/InteractiveVisualization.tsx(1952,29): error TS17004: Cannot use JSX unless the '--jsx' flag is provided.
src/app/modules/[id]/InteractiveVisualization.tsx(1956,29): error TS17004: Cannot use JSX unless the '--jsx' flag is provided.
src/app/modules/[id]/InteractiveVisualization.tsx(1961,21): error TS17004: Cannot use JSX unless the '--jsx' flag is provided.
src/app/modules/[id]/InteractiveVisualization.tsx(1964,17): error TS17004: Cannot use JSX unless the '--jsx' flag is provided.
src/app/modules/[id]/InteractiveVisualization.tsx(1965,21): error TS17004: Cannot use JSX unless the '--jsx' flag is provided.
src/app/modules/[id]/InteractiveVisualization.tsx(1966,25): error TS17004: Cannot use JSX unless the '--jsx' flag is provided.
src/app/modules/[id]/InteractiveVisualization.tsx(1967,25): error TS17004: Cannot use JSX unless the '--jsx' flag is provided.
src/app/modules/[id]/InteractiveVisualization.tsx(1970,25): error TS17004: Cannot use JSX unless the '--jsx' flag is provided.
src/app/modules/[id]/InteractiveVisualization.tsx(1971,29): error TS17004: Cannot use JSX unless the '--jsx' flag is provided.
src/app/modules/[id]/InteractiveVisualization.tsx(1971,54): error TS17004: Cannot use JSX unless the '--jsx' flag is provided.
src/app/modules/[id]/InteractiveVisualization.tsx(1975,21): error TS17004: Cannot use JSX unless the '--jsx' flag is provided.
src/app/modules/[id]/InteractiveVisualization.tsx(1977,29): error TS17004: Cannot use JSX unless the '--jsx' flag is provided.
src/app/modules/[id]/InteractiveVisualization.tsx(1978,33): error TS17004: Cannot use JSX unless the '--jsx' flag is provided.
src/app/modules/[id]/InteractiveVisualization.tsx(1979,33): error TS17004: Cannot use JSX unless the '--jsx' flag is provided.
src/app/modules/[id]/InteractiveVisualization.tsx(1984,21): error TS17004: Cannot use JSX unless the '--jsx' flag is provided.
src/app/modules/[id]/InteractiveVisualization.tsx(1985,25): error TS17004: Cannot use JSX unless the '--jsx' flag is provided.
src/app/modules/[id]/InteractiveVisualization.tsx(1986,25): error TS17004: Cannot use JSX unless the '--jsx' flag is provided.
src/app/modules/[id]/InteractiveVisualization.tsx(1987,29): error TS17004: Cannot use JSX unless the '--jsx' flag is provided.
src/app/modules/[id]/InteractiveVisualization.tsx(1989,33): error TS17004: Cannot use JSX unless the '--jsx' flag is provided.
src/app/modules/[id]/InteractiveVisualization.tsx(1996,49): error TS17004: Cannot use JSX unless the '--jsx' flag is provided.
src/app/modules/[id]/InteractiveVisualization.tsx(2000,21): error TS17004: Cannot use JSX unless the '--jsx' flag is provided.
src/app/modules/[id]/InteractiveVisualization.tsx(2001,25): error TS17004: Cannot use JSX unless the '--jsx' flag is provided.
src/app/modules/[id]/InteractiveVisualization.tsx(2001,156): error TS17004: Cannot use JSX unless the '--jsx' flag is provided.
src/app/modules/[id]/InteractiveVisualization.tsx(2001,233): error TS17004: Cannot use JSX unless the '--jsx' flag is provided.
src/app/modules/[id]/InteractiveVisualization.tsx(2001,281): error TS17004: Cannot use JSX unless the '--jsx' flag is provided.
src/app/modules/[id]/InteractiveVisualization.tsx(2057,9): error TS17004: Cannot use JSX unless the '--jsx' flag is provided.
src/app/modules/[id]/InteractiveVisualization.tsx(2058,13): error TS17004: Cannot use JSX unless the '--jsx' flag is provided.
src/app/modules/[id]/InteractiveVisualization.tsx(2059,17): error TS17004: Cannot use JSX unless the '--jsx' flag is provided.
src/app/modules/[id]/InteractiveVisualization.tsx(2061,13): error TS17004: Cannot use JSX unless the '--jsx' flag is provided.
src/app/modules/[id]/InteractiveVisualization.tsx(2063,13): error TS17004: Cannot use JSX unless the '--jsx' flag is provided.
src/app/modules/[id]/InteractiveVisualization.tsx(2064,17): error TS17004: Cannot use JSX unless the '--jsx' flag is provided.
src/app/modules/[id]/InteractiveVisualization.tsx(2065,21): error TS17004: Cannot use JSX unless the '--jsx' flag is provided.
src/app/modules/[id]/InteractiveVisualization.tsx(2066,25): error TS17004: Cannot use JSX unless the '--jsx' flag is provided.
src/app/modules/[id]/InteractiveVisualization.tsx(2067,25): error TS17004: Cannot use JSX unless the '--jsx' flag is provided.
src/app/modules/[id]/InteractiveVisualization.tsx(2071,21): error TS17004: Cannot use JSX unless the '--jsx' flag is provided.
src/app/modules/[id]/InteractiveVisualization.tsx(2073,29): error TS17004: Cannot use JSX unless the '--jsx' flag is provided.
src/app/modules/[id]/InteractiveVisualization.tsx(2078,41): error TS17004: Cannot use JSX unless the '--jsx' flag is provided.
src/app/modules/[id]/InteractiveVisualization.tsx(2091,21): error TS17004: Cannot use JSX unless the '--jsx' flag is provided.
src/app/modules/[id]/InteractiveVisualization.tsx(2092,25): error TS17004: Cannot use JSX unless the '--jsx' flag is provided.
src/app/modules/[id]/InteractiveVisualization.tsx(2092,41): error TS17004: Cannot use JSX unless the '--jsx' flag is provided.
src/app/modules/[id]/InteractiveVisualization.tsx(2092,71): error TS17004: Cannot use JSX unless the '--jsx' flag is provided.
src/app/modules/[id]/InteractiveVisualization.tsx(2096,17): error TS17004: Cannot use JSX unless the '--jsx' flag is provided.
src/app/modules/[id]/InteractiveVisualization.tsx(2097,21): error TS17004: Cannot use JSX unless the '--jsx' flag is provided.
src/app/modules/[id]/InteractiveVisualization.tsx(2098,25): error TS17004: Cannot use JSX unless the '--jsx' flag is provided.
src/app/modules/[id]/InteractiveVisualization.tsx(2100,29): error TS17004: Cannot use JSX unless the '--jsx' flag is provided.
src/app/modules/[id]/InteractiveVisualization.tsx(2108,21): error TS17004: Cannot use JSX unless the '--jsx' flag is provided.
src/app/modules/[id]/InteractiveVisualization.tsx(2109,25): error TS17004: Cannot use JSX unless the '--jsx' flag is provided.
src/app/modules/[id]/InteractiveVisualization.tsx(2110,25): error TS17004: Cannot use JSX unless the '--jsx' flag is provided.
src/app/modules/[id]/InteractiveVisualization.tsx(2113,21): error TS17004: Cannot use JSX unless the '--jsx' flag is provided.
src/app/modules/[id]/InteractiveVisualization.tsx(2114,25): error TS17004: Cannot use JSX unless the '--jsx' flag is provided.
src/app/modules/[id]/InteractiveVisualization.tsx(2119,25): error TS17004: Cannot use JSX unless the '--jsx' flag is provided.
src/app/modules/[id]/InteractiveVisualization.tsx(2125,21): error TS17004: Cannot use JSX unless the '--jsx' flag is provided.
src/app/modules/[id]/InteractiveVisualization.tsx(2126,25): error TS17004: Cannot use JSX unless the '--jsx' flag is provided.
src/app/modules/[id]/InteractiveVisualization.tsx(2167,9): error TS17004: Cannot use JSX unless the '--jsx' flag is provided.
src/app/modules/[id]/InteractiveVisualization.tsx(2168,13): error TS17004: Cannot use JSX unless the '--jsx' flag is provided.
src/app/modules/[id]/InteractiveVisualization.tsx(2169,17): error TS17004: Cannot use JSX unless the '--jsx' flag is provided.
src/app/modules/[id]/InteractiveVisualization.tsx(2171,13): error TS17004: Cannot use JSX unless the '--jsx' flag is provided.
src/app/modules/[id]/InteractiveVisualization.tsx(2173,13): error TS17004: Cannot use JSX unless the '--jsx' flag is provided.
src/app/modules/[id]/InteractiveVisualization.tsx(2174,17): error TS17004: Cannot use JSX unless the '--jsx' flag is provided.
src/app/modules/[id]/InteractiveVisualization.tsx(2181,17): error TS17004: Cannot use JSX unless the '--jsx' flag is provided.
src/app/modules/[id]/InteractiveVisualization.tsx(2187,13): error TS17004: Cannot use JSX unless the '--jsx' flag is provided.
src/app/modules/[id]/InteractiveVisualization.tsx(2189,21): error TS17004: Cannot use JSX unless the '--jsx' flag is provided.
src/app/modules/[id]/InteractiveVisualization.tsx(2193,49): error TS17004: Cannot use JSX unless the '--jsx' flag is provided.
src/app/modules/[id]/InteractiveVisualization.tsx(2194,25): error TS17004: Cannot use JSX unless the '--jsx' flag is provided.
src/app/modules/[id]/InteractiveVisualization.tsx(2195,25): error TS17004: Cannot use JSX unless the '--jsx' flag is provided.
src/app/modules/[id]/InteractiveVisualization.tsx(2197,29): error TS17004: Cannot use JSX unless the '--jsx' flag is provided.
src/app/modules/[id]/InteractiveVisualization.tsx(2198,33): error TS17004: Cannot use JSX unless the '--jsx' flag is provided.
src/app/modules/[id]/InteractiveVisualization.tsx(2199,37): error TS17004: Cannot use JSX unless the '--jsx' flag is provided.
src/app/modules/[id]/InteractiveVisualization.tsx(2202,33): error TS17004: Cannot use JSX unless the '--jsx' flag is provided.
src/app/modules/[id]/InteractiveVisualization.tsx(2211,13): error TS17004: Cannot use JSX unless the '--jsx' flag is provided.
src/app/modules/[id]/InteractiveVisualization.tsx(2212,17): error TS17004: Cannot use JSX unless the '--jsx' flag is provided.
src/app/modules/[id]/InteractiveVisualization.tsx(2258,9): error TS17004: Cannot use JSX unless the '--jsx' flag is provided.
src/app/modules/[id]/InteractiveVisualization.tsx(2259,13): error TS17004: Cannot use JSX unless the '--jsx' flag is provided.
src/app/modules/[id]/InteractiveVisualization.tsx(2260,17): error TS17004: Cannot use JSX unless the '--jsx' flag is provided.
src/app/modules/[id]/InteractiveVisualization.tsx(2262,13): error TS17004: Cannot use JSX unless the '--jsx' flag is provided.
src/app/modules/[id]/InteractiveVisualization.tsx(2264,13): error TS17004: Cannot use JSX unless the '--jsx' flag is provided.
src/app/modules/[id]/InteractiveVisualization.tsx(2265,17): error TS17004: Cannot use JSX unless the '--jsx' flag is provided.
src/app/modules/[id]/InteractiveVisualization.tsx(2266,21): error TS17004: Cannot use JSX unless the '--jsx' flag is provided.
src/app/modules/[id]/InteractiveVisualization.tsx(2267,21): error TS17004: Cannot use JSX unless the '--jsx' flag is provided.
src/app/modules/[id]/InteractiveVisualization.tsx(2274,33): error TS17004: Cannot use JSX unless the '--jsx' flag is provided.
src/app/modules/[id]/InteractiveVisualization.tsx(2292,33): error TS17004: Cannot use JSX unless the '--jsx' flag is provided.
src/app/modules/[id]/InteractiveVisualization.tsx(2293,37): error TS17004: Cannot use JSX unless the '--jsx' flag is provided.
src/app/modules/[id]/InteractiveVisualization.tsx(2299,37): error TS17004: Cannot use JSX unless the '--jsx' flag is provided.
src/app/modules/[id]/InteractiveVisualization.tsx(2303,37): error TS17004: Cannot use JSX unless the '--jsx' flag is provided.
src/app/modules/[id]/InteractiveVisualization.tsx(2307,37): error TS17004: Cannot use JSX unless the '--jsx' flag is provided.
src/app/modules/[id]/InteractiveVisualization.tsx(2317,17): error TS17004: Cannot use JSX unless the '--jsx' flag is provided.
src/app/modules/[id]/InteractiveVisualization.tsx(2318,21): error TS17004: Cannot use JSX unless the '--jsx' flag is provided.
src/app/modules/[id]/InteractiveVisualization.tsx(2319,25): error TS17004: Cannot use JSX unless the '--jsx' flag is provided.
src/app/modules/[id]/InteractiveVisualization.tsx(2320,25): error TS17004: Cannot use JSX unless the '--jsx' flag is provided.
src/app/modules/[id]/InteractiveVisualization.tsx(2321,25): error TS17004: Cannot use JSX unless the '--jsx' flag is provided.
src/app/modules/[id]/InteractiveVisualization.tsx(2322,29): error TS17004: Cannot use JSX unless the '--jsx' flag is provided.
src/app/modules/[id]/InteractiveVisualization.tsx(2322,55): error TS17004: Cannot use JSX unless the '--jsx' flag is provided.
src/app/modules/[id]/InteractiveVisualization.tsx(2326,21): error TS17004: Cannot use JSX unless the '--jsx' flag is provided.
src/app/modules/[id]/InteractiveVisualization.tsx(2327,25): error TS17004: Cannot use JSX unless the '--jsx' flag is provided.
src/app/modules/[id]/InteractiveVisualization.tsx(2329,29): error TS17004: Cannot use JSX unless the '--jsx' flag is provided.
src/app/modules/[id]/InteractiveVisualization.tsx(2330,33): error TS17004: Cannot use JSX unless the '--jsx' flag is provided.
src/app/modules/[id]/InteractiveVisualization.tsx(2331,33): error TS17004: Cannot use JSX unless the '--jsx' flag is provided.
src/app/modules/[id]/InteractiveVisualization.tsx(2332,33): error TS17004: Cannot use JSX unless the '--jsx' flag is provided.
src/app/modules/[id]/InteractiveVisualization.tsx(2333,37): error TS17004: Cannot use JSX unless the '--jsx' flag is provided.
src/app/modules/[id]/InteractiveVisualization.tsx(2336,33): error TS17004: Cannot use JSX unless the '--jsx' flag is provided.
src/app/modules/[id]/InteractiveVisualization.tsx(2341,21): error TS17004: Cannot use JSX unless the '--jsx' flag is provided.
src/app/modules/[id]/InteractiveVisualization.tsx(2342,25): error TS17004: Cannot use JSX unless the '--jsx' flag is provided.
src/app/modules/[id]/InteractiveVisualization.tsx(2411,9): error TS17004: Cannot use JSX unless the '--jsx' flag is provided.
src/app/modules/[id]/InteractiveVisualization.tsx(2412,13): error TS17004: Cannot use JSX unless the '--jsx' flag is provided.
src/app/modules/[id]/InteractiveVisualization.tsx(2413,17): error TS17004: Cannot use JSX unless the '--jsx' flag is provided.
src/app/modules/[id]/InteractiveVisualization.tsx(2415,13): error TS17004: Cannot use JSX unless the '--jsx' flag is provided.
src/app/modules/[id]/InteractiveVisualization.tsx(2417,13): error TS17004: Cannot use JSX unless the '--jsx' flag is provided.
src/app/modules/[id]/InteractiveVisualization.tsx(2418,17): error TS17004: Cannot use JSX unless the '--jsx' flag is provided.
src/app/modules/[id]/InteractiveVisualization.tsx(2419,21): error TS17004: Cannot use JSX unless the '--jsx' flag is provided.
src/app/modules/[id]/InteractiveVisualization.tsx(2419,44): error TS17004: Cannot use JSX unless the '--jsx' flag is provided.
src/app/modules/[id]/InteractiveVisualization.tsx(2421,17): error TS17004: Cannot use JSX unless the '--jsx' flag is provided.
src/app/modules/[id]/InteractiveVisualization.tsx(2423,21): error TS17004: Cannot use JSX unless the '--jsx' flag is provided.
src/app/modules/[id]/InteractiveVisualization.tsx(2426,25): error TS17004: Cannot use JSX unless the '--jsx' flag is provided.
src/app/modules/[id]/InteractiveVisualization.tsx(2427,29): error TS17004: Cannot use JSX unless the '--jsx' flag is provided.
src/app/modules/[id]/InteractiveVisualization.tsx(2429,29): error TS17004: Cannot use JSX unless the '--jsx' flag is provided.
src/app/modules/[id]/InteractiveVisualization.tsx(2438,25): error TS17004: Cannot use JSX unless the '--jsx' flag is provided.
src/app/modules/[id]/InteractiveVisualization.tsx(2442,21): error TS17004: Cannot use JSX unless the '--jsx' flag is provided.
src/app/modules/[id]/InteractiveVisualization.tsx(2443,21): error TS17004: Cannot use JSX unless the '--jsx' flag is provided.
src/app/modules/[id]/InteractiveVisualization.tsx(2445,17): error TS17004: Cannot use JSX unless the '--jsx' flag is provided.
src/app/modules/[id]/InteractiveVisualization.tsx(2446,21): error TS17004: Cannot use JSX unless the '--jsx' flag is provided.
src/app/modules/[id]/InteractiveVisualization.tsx(2447,21): error TS17004: Cannot use JSX unless the '--jsx' flag is provided.
src/app/modules/[id]/InteractiveVisualization.tsx(2448,30): error TS17004: Cannot use JSX unless the '--jsx' flag is provided.
src/app/modules/[id]/InteractiveVisualization.tsx(2452,13): error TS17004: Cannot use JSX unless the '--jsx' flag is provided.
src/app/modules/[id]/InteractiveVisualization.tsx(2453,17): error TS17004: Cannot use JSX unless the '--jsx' flag is provided.
src/app/modules/[id]/InteractiveVisualization.tsx(2454,21): error TS17004: Cannot use JSX unless the '--jsx' flag is provided.
src/app/modules/[id]/InteractiveVisualization.tsx(2456,25): error TS17004: Cannot use JSX unless the '--jsx' flag is provided.
src/app/modules/[id]/InteractiveVisualization.tsx(2466,17): error TS17004: Cannot use JSX unless the '--jsx' flag is provided.
src/app/modules/[id]/InteractiveVisualization.tsx(2467,21): error TS17004: Cannot use JSX unless the '--jsx' flag is provided.
src/app/modules/[id]/InteractiveVisualization.tsx(2469,29): error TS17004: Cannot use JSX unless the '--jsx' flag is provided.
src/app/modules/[id]/InteractiveVisualization.tsx(2470,33): error TS17004: Cannot use JSX unless the '--jsx' flag is provided.
src/app/modules/[id]/InteractiveVisualization.tsx(2471,33): error TS17004: Cannot use JSX unless the '--jsx' flag is provided.
src/app/modules/[id]/InteractiveVisualization.tsx(2475,21): error TS17004: Cannot use JSX unless the '--jsx' flag is provided.
src/app/modules/[id]/InteractiveVisualization.tsx(2476,25): error TS17004: Cannot use JSX unless the '--jsx' flag is provided.
src/app/modules/[id]/InteractiveVisualization.tsx(2480,25): error TS17004: Cannot use JSX unless the '--jsx' flag is provided.
src/app/modules/[id]/InteractiveVisualization.tsx(2484,25): error TS17004: Cannot use JSX unless the '--jsx' flag is provided.
src/app/modules/[id]/InteractiveVisualization.tsx(2486,29): error TS17004: Cannot use JSX unless the '--jsx' flag is provided.
src/app/modules/[id]/InteractiveVisualization.tsx(2489,21): error TS17004: Cannot use JSX unless the '--jsx' flag is provided.
src/app/modules/[id]/InteractiveVisualization.tsx(2490,25): error TS17004: Cannot use JSX unless the '--jsx' flag is provided.
